Archive member included because of file (symbol)

c:/program files/kinetis/kds/toolchain/bin/../lib/gcc/arm-none-eabi/4.8.4/../../../../arm-none-eabi/lib/armv7e-m/fpu\libm.a(lib_a-s_modf.o)
                              ./utilities/fsl_debug_console.o (modf)
c:/program files/kinetis/kds/toolchain/bin/../lib/gcc/arm-none-eabi/4.8.4/../../../../arm-none-eabi/lib/armv7e-m/fpu\libm.a(lib_a-w_pow.o)
                              ./utilities/fsl_debug_console.o (pow)
c:/program files/kinetis/kds/toolchain/bin/../lib/gcc/arm-none-eabi/4.8.4/../../../../arm-none-eabi/lib/armv7e-m/fpu\libm.a(lib_a-e_pow.o)
                              c:/program files/kinetis/kds/toolchain/bin/../lib/gcc/arm-none-eabi/4.8.4/../../../../arm-none-eabi/lib/armv7e-m/fpu\libm.a(lib_a-w_pow.o) (__ieee754_pow)
c:/program files/kinetis/kds/toolchain/bin/../lib/gcc/arm-none-eabi/4.8.4/../../../../arm-none-eabi/lib/armv7e-m/fpu\libm.a(lib_a-e_sqrt.o)
                              c:/program files/kinetis/kds/toolchain/bin/../lib/gcc/arm-none-eabi/4.8.4/../../../../arm-none-eabi/lib/armv7e-m/fpu\libm.a(lib_a-e_pow.o) (__ieee754_sqrt)
c:/program files/kinetis/kds/toolchain/bin/../lib/gcc/arm-none-eabi/4.8.4/../../../../arm-none-eabi/lib/armv7e-m/fpu\libm.a(lib_a-s_fabs.o)
                              c:/program files/kinetis/kds/toolchain/bin/../lib/gcc/arm-none-eabi/4.8.4/../../../../arm-none-eabi/lib/armv7e-m/fpu\libm.a(lib_a-e_pow.o) (fabs)
c:/program files/kinetis/kds/toolchain/bin/../lib/gcc/arm-none-eabi/4.8.4/../../../../arm-none-eabi/lib/armv7e-m/fpu\libm.a(lib_a-s_finite.o)
                              c:/program files/kinetis/kds/toolchain/bin/../lib/gcc/arm-none-eabi/4.8.4/../../../../arm-none-eabi/lib/armv7e-m/fpu\libm.a(lib_a-w_pow.o) (finite)
c:/program files/kinetis/kds/toolchain/bin/../lib/gcc/arm-none-eabi/4.8.4/../../../../arm-none-eabi/lib/armv7e-m/fpu\libm.a(lib_a-s_fpclassify.o)
                              c:/program files/kinetis/kds/toolchain/bin/../lib/gcc/arm-none-eabi/4.8.4/../../../../arm-none-eabi/lib/armv7e-m/fpu\libm.a(lib_a-w_pow.o) (__fpclassifyd)
c:/program files/kinetis/kds/toolchain/bin/../lib/gcc/arm-none-eabi/4.8.4/../../../../arm-none-eabi/lib/armv7e-m/fpu\libm.a(lib_a-s_lib_ver.o)
                              c:/program files/kinetis/kds/toolchain/bin/../lib/gcc/arm-none-eabi/4.8.4/../../../../arm-none-eabi/lib/armv7e-m/fpu\libm.a(lib_a-w_pow.o) (__fdlib_version)
c:/program files/kinetis/kds/toolchain/bin/../lib/gcc/arm-none-eabi/4.8.4/../../../../arm-none-eabi/lib/armv7e-m/fpu\libm.a(lib_a-s_matherr.o)
                              c:/program files/kinetis/kds/toolchain/bin/../lib/gcc/arm-none-eabi/4.8.4/../../../../arm-none-eabi/lib/armv7e-m/fpu\libm.a(lib_a-w_pow.o) (matherr)
c:/program files/kinetis/kds/toolchain/bin/../lib/gcc/arm-none-eabi/4.8.4/../../../../arm-none-eabi/lib/armv7e-m/fpu\libm.a(lib_a-s_nan.o)
                              c:/program files/kinetis/kds/toolchain/bin/../lib/gcc/arm-none-eabi/4.8.4/../../../../arm-none-eabi/lib/armv7e-m/fpu\libm.a(lib_a-e_pow.o) (nan)
c:/program files/kinetis/kds/toolchain/bin/../lib/gcc/arm-none-eabi/4.8.4/../../../../arm-none-eabi/lib/armv7e-m/fpu\libm.a(lib_a-s_rint.o)
                              c:/program files/kinetis/kds/toolchain/bin/../lib/gcc/arm-none-eabi/4.8.4/../../../../arm-none-eabi/lib/armv7e-m/fpu\libm.a(lib_a-w_pow.o) (rint)
c:/program files/kinetis/kds/toolchain/bin/../lib/gcc/arm-none-eabi/4.8.4/../../../../arm-none-eabi/lib/armv7e-m/fpu\libm.a(lib_a-s_scalbn.o)
                              c:/program files/kinetis/kds/toolchain/bin/../lib/gcc/arm-none-eabi/4.8.4/../../../../arm-none-eabi/lib/armv7e-m/fpu\libm.a(lib_a-e_pow.o) (scalbn)
c:/program files/kinetis/kds/toolchain/bin/../lib/gcc/arm-none-eabi/4.8.4/../../../../arm-none-eabi/lib/armv7e-m/fpu\libm.a(lib_a-s_copysign.o)
                              c:/program files/kinetis/kds/toolchain/bin/../lib/gcc/arm-none-eabi/4.8.4/../../../../arm-none-eabi/lib/armv7e-m/fpu\libm.a(lib_a-s_scalbn.o) (copysign)
c:/program files/kinetis/kds/toolchain/bin/../lib/gcc/arm-none-eabi/4.8.4/armv7e-m/fpu\libgcc.a(_arm_addsubdf3.o)
                              ./utilities/fsl_debug_console.o (__aeabi_dsub)
c:/program files/kinetis/kds/toolchain/bin/../lib/gcc/arm-none-eabi/4.8.4/armv7e-m/fpu\libgcc.a(_arm_muldivdf3.o)
                              ./utilities/fsl_debug_console.o (__aeabi_dmul)
c:/program files/kinetis/kds/toolchain/bin/../lib/gcc/arm-none-eabi/4.8.4/armv7e-m/fpu\libgcc.a(_arm_cmpdf2.o)
                              ./utilities/fsl_debug_console.o (__aeabi_dcmpeq)
c:/program files/kinetis/kds/toolchain/bin/../lib/gcc/arm-none-eabi/4.8.4/armv7e-m/fpu\libgcc.a(_arm_fixdfsi.o)
                              ./utilities/fsl_debug_console.o (__aeabi_d2iz)
c:/program files/kinetis/kds/toolchain/bin/../lib/gcc/arm-none-eabi/4.8.4/armv7e-m/fpu\libgcc.a(_arm_truncdfsf2.o)
                              ./utilities/fsl_debug_console.o (__aeabi_d2f)
[...]
Memory Configuration

Name             Origin             Length             Attributes
m_interrupts     0x00000000         0x00000400         xr
m_flash_config   0x00000400         0x00000010         xr
m_text           0x00000410         0x001ffbf0         xr
m_data           0x1fff0000         0x00010000         rw
m_data_2         0x20000000         0x00030000         rw
*default*        0x00000000         0xffffffff

Linker script and memory map

LOAD c:/program files/kinetis/kds/toolchain/bin/../lib/gcc/arm-none-eabi/4.8.4/armv7e-m/fpu/crti.o
LOAD c:/program files/kinetis/kds/toolchain/bin/../lib/gcc/arm-none-eabi/4.8.4/armv7e-m/fpu/crtbegin.o
LOAD c:/program files/kinetis/kds/toolchain/bin/../lib/gcc/arm-none-eabi/4.8.4/../../../../arm-none-eabi/lib/armv7e-m/fpu/crt0.o
LOAD ./utilities/fsl_debug_console.o
LOAD ./utilities/fsl_notifier.o
LOAD ./utilities/fsl_sbrk.o
LOAD ./startup/startup_MK66F18.o
LOAD ./startup/system_MK66F18.o
LOAD ./source/main.o
LOAD ./drivers/fsl_adc16.o
LOAD ./drivers/fsl_clock.o
LOAD ./drivers/fsl_cmp.o
LOAD ./drivers/fsl_cmt.o
LOAD ./drivers/fsl_common.o
LOAD ./drivers/fsl_crc.o
LOAD ./drivers/fsl_dac.o
LOAD ./drivers/fsl_dmamux.o
LOAD ./drivers/fsl_dspi.o
LOAD ./drivers/fsl_dspi_edma.o
LOAD ./drivers/fsl_edma.o
LOAD ./drivers/fsl_enet.o
LOAD ./drivers/fsl_ewm.o
LOAD ./drivers/fsl_flash.o
LOAD ./drivers/fsl_flexbus.o
LOAD ./drivers/fsl_flexcan.o
LOAD ./drivers/fsl_ftm.o
LOAD ./drivers/fsl_gpio.o
LOAD ./drivers/fsl_i2c.o
LOAD ./drivers/fsl_i2c_edma.o
LOAD ./drivers/fsl_llwu.o
LOAD ./drivers/fsl_lmem_cache.o
LOAD ./drivers/fsl_lptmr.o
LOAD ./drivers/fsl_lpuart.o
LOAD ./drivers/fsl_lpuart_edma.o
LOAD ./drivers/fsl_mpu.o
LOAD ./drivers/fsl_pdb.o
LOAD ./drivers/fsl_pit.o
LOAD ./drivers/fsl_pmc.o
LOAD ./drivers/fsl_rcm.o
LOAD ./drivers/fsl_rnga.o
LOAD ./drivers/fsl_rtc.o
LOAD ./drivers/fsl_sai.o
LOAD ./drivers/fsl_sai_edma.o
LOAD ./drivers/fsl_sdhc.o
LOAD ./drivers/fsl_sdramc.o
LOAD ./drivers/fsl_sim.o
LOAD ./drivers/fsl_smc.o
LOAD ./drivers/fsl_tpm.o
LOAD ./drivers/fsl_tsi_v4.o
LOAD ./drivers/fsl_uart.o
LOAD ./drivers/fsl_uart_edma.o
LOAD ./drivers/fsl_vref.o
LOAD ./drivers/fsl_wdog.o
LOAD ./board/board.o
LOAD ./board/clock_config.o
LOAD ./board/pin_mux.o
LOAD c:/program files/kinetis/kds/toolchain/bin/../lib/gcc/arm-none-eabi/4.8.4/../../../../arm-none-eabi/lib/armv7e-m/fpu\libstdc++_s.a
LOAD c:/program files/kinetis/kds/toolchain/bin/../lib/gcc/arm-none-eabi/4.8.4/../../../../arm-none-eabi/lib/armv7e-m/fpu\libm.a
START GROUP
LOAD c:/program files/kinetis/kds/toolchain/bin/../lib/gcc/arm-none-eabi/4.8.4/armv7e-m/fpu\libgcc.a
LOAD c:/program files/kinetis/kds/toolchain/bin/../lib/gcc/arm-none-eabi/4.8.4/../../../../arm-none-eabi/lib/armv7e-m/fpu\libg_s.a
LOAD c:/program files/kinetis/kds/toolchain/bin/../lib/gcc/arm-none-eabi/4.8.4/../../../../arm-none-eabi/lib/armv7e-m/fpu\libc_s.a
END GROUP
START GROUP
LOAD c:/program files/kinetis/kds/toolchain/bin/../lib/gcc/arm-none-eabi/4.8.4/armv7e-m/fpu\libgcc.a
LOAD c:/program files/kinetis/kds/toolchain/bin/../lib/gcc/arm-none-eabi/4.8.4/../../../../arm-none-eabi/lib/armv7e-m/fpu\libc_s.a
LOAD c:/program files/kinetis/kds/toolchain/bin/../lib/gcc/arm-none-eabi/4.8.4/../../../../arm-none-eabi/lib/armv7e-m/fpu\libnosys.a
END GROUP
START GROUP
LOAD c:/program files/kinetis/kds/toolchain/bin/../lib/gcc/arm-none-eabi/4.8.4/armv7e-m/fpu\libgcc.a
LOAD c:/program files/kinetis/kds/toolchain/bin/../lib/gcc/arm-none-eabi/4.8.4/../../../../arm-none-eabi/lib/armv7e-m/fpu\libc_s.a
LOAD c:/program files/kinetis/kds/toolchain/bin/../lib/gcc/arm-none-eabi/4.8.4/../../../../arm-none-eabi/lib/armv7e-m/fpu\libnosys.a
END GROUP
LOAD c:/program files/kinetis/kds/toolchain/bin/../lib/gcc/arm-none-eabi/4.8.4/armv7e-m/fpu/crtend.o
LOAD c:/program files/kinetis/kds/toolchain/bin/../lib/gcc/arm-none-eabi/4.8.4/armv7e-m/fpu/crtn.o
                0x00000400                HEAP_SIZE = DEFINED (__heap_size__)?__heap_size__:0x400
                0x00000400                STACK_SIZE = DEFINED (__stack_size__)?__stack_size__:0x400
                0x00000000                M_VECTOR_RAM_SIZE = DEFINED (__ram_vector_table__)?0x400:0x0

.interrupts     0x00000000      0x400
                0x00000000                __VECTOR_TABLE = .
                0x00000000                . = ALIGN (0x4)
 *(.isr_vector)
 .isr_vector    0x00000000      0x400 ./startup/startup_MK66F18.o
                0x00000000                __isr_vector
                0x00000400                . = ALIGN (0x4)

.flash_config   0x00000400       0x10
                0x00000400                . = ALIGN (0x4)
 *(.FlashConfig)
 .FlashConfig   0x00000400       0x10 ./startup/startup_MK66F18.o
                0x00000410                . = ALIGN (0x4)

.text           0x00000410     0x6ee8
                0x00000410                . = ALIGN (0x4)
 *(.text)
 .text          0x00000410       0x54 c:/program files/kinetis/kds/toolchain/bin/../lib/gcc/arm-none-eabi/4.8.4/armv7e-m/fpu/crtbegin.o
 .text          0x00000464       0x74 c:/program files/kinetis/kds/toolchain/bin/../lib/gcc/arm-none-eabi/4.8.4/../../../../arm-none-eabi/lib/armv7e-m/fpu/crt0.o
                0x00000464                _start
                0x00000464                _mainCRTStartup
 .text          0x000004d8      0x1f8 ./startup/startup_MK66F18.o
                0x000004d8                Reset_Handler
                0x0000051c                DebugMon_Handler
                0x0000051c                DMA5_DMA21_DriverIRQHandler
                0x0000051c                DMA13_DMA29_DriverIRQHandler
                0x0000051c                PORTE_IRQHandler
                0x0000051c                CMP0_IRQHandler
                0x0000051c                Reserved85_IRQHandler
                0x0000051c                DMA_Error_DriverIRQHandler
                0x0000051c                FTM3_IRQHandler
                0x0000051c                MCM_IRQHandler
                0x0000051c                DAC1_IRQHandler
                0x0000051c                PORTA_IRQHandler
                0x0000051c                FTM0_IRQHandler
                0x0000051c                LVD_LVW_IRQHandler
                0x0000051c                USBHS_IRQHandler
                0x0000051c                PIT1_IRQHandler
                0x0000051c                PIT0_IRQHandler
                0x0000051c                DMA7_DMA23_DriverIRQHandler
                0x0000051c                TPM1_IRQHandler
                0x0000051c                CMP2_IRQHandler
                0x0000051c                LLWU_IRQHandler
                0x0000051c                Reserved84_IRQHandler
                0x0000051c                TSI0_IRQHandler
                0x0000051c                ENET_Error_DriverIRQHandler
                0x0000051c                DMA14_DMA30_DriverIRQHandler
                0x0000051c                Reserved46_IRQHandler
                0x0000051c                ENET_1588_Timer_DriverIRQHandler
                0x0000051c                SWI_IRQHandler
                0x0000051c                ADC0_IRQHandler
                0x0000051c                UsageFault_Handler
                0x0000051c                DMA3_DMA19_DriverIRQHandler
                0x0000051c                CMT_IRQHandler
                0x0000051c                DAC0_IRQHandler
                0x0000051c                ENET_Receive_DriverIRQHandler
                0x0000051c                DMA0_DMA16_DriverIRQHandler
                0x0000051c                DefaultISR
                0x0000051c                DMA2_DMA18_DriverIRQHandler
                0x0000051c                CMP1_IRQHandler
                0x0000051c                Reserved71_IRQHandler
                0x0000051c                PORTD_IRQHandler
                0x0000051c                PORTB_IRQHandler
                0x0000051c                LPTMR0_IRQHandler
                0x0000051c                UART2_ERR_DriverIRQHandler
                0x0000051c                ADC1_IRQHandler
                0x0000051c                RNG_IRQHandler
                0x0000051c                TPM2_IRQHandler
                0x0000051c                PIT2_IRQHandler
                0x0000051c                DMA9_DMA25_DriverIRQHandler
                0x0000051c                RTC_IRQHandler
                0x0000051c                UART3_ERR_DriverIRQHandler
                0x0000051c                PDB0_IRQHandler
                0x0000051c                DMA4_DMA20_DriverIRQHandler
                0x0000051c                CMP3_IRQHandler
                0x0000051c                PORTC_IRQHandler
                0x0000051c                FTM1_IRQHandler
                0x0000051c                DMA12_DMA28_DriverIRQHandler
                0x0000051c                DMA11_DMA27_DriverIRQHandler
                0x0000051c                PIT3_IRQHandler
                0x0000051c                BusFault_Handler
                0x0000051c                RTC_Seconds_IRQHandler
                0x0000051c                MCG_IRQHandler
                0x0000051c                FTFE_IRQHandler
                0x0000051c                DMA10_DMA26_DriverIRQHandler
                0x0000051c                UART0_ERR_DriverIRQHandler
                0x0000051c                DMA15_DMA31_DriverIRQHandler
                0x0000051c                Read_Collision_IRQHandler
                0x0000051c                DMA1_DMA17_DriverIRQHandler
                0x0000051c                USBHSDCD_IRQHandler
                0x0000051c                USBDCD_IRQHandler
                0x0000051c                DMA8_DMA24_DriverIRQHandler
                0x0000051c                DMA6_DMA22_DriverIRQHandler
                0x0000051c                ENET_Transmit_DriverIRQHandler
                0x0000051c                USB0_IRQHandler
                0x0000051c                UART1_ERR_DriverIRQHandler
                0x0000051c                MemManage_Handler
                0x0000051c                UART4_ERR_DriverIRQHandler
                0x0000051c                WDOG_EWM_IRQHandler
                0x0000051c                FTM2_IRQHandler
                0x00000520                NMI_Handler
                0x00000524                HardFault_Handler
                0x00000528                SVC_Handler
                0x0000052c                PendSV_Handler
                0x00000530                SysTick_Handler
                0x00000574                DMA_Error_IRQHandler
                0x00000578                I2C0_IRQHandler
                0x0000057c                I2C1_IRQHandler
                0x00000580                SPI0_IRQHandler
                0x00000584                SPI1_IRQHandler
                0x00000588                I2S0_Tx_IRQHandler
                0x0000058c                I2S0_Rx_IRQHandler
                0x00000590                UART0_RX_TX_IRQHandler
                0x00000594                UART0_ERR_IRQHandler
                0x00000598                UART1_RX_TX_IRQHandler
                0x0000059c                UART1_ERR_IRQHandler
                0x000005a0                UART2_RX_TX_IRQHandler
                0x000005a4                UART2_ERR_IRQHandler
                0x000005a8                UART3_RX_TX_IRQHandler
                0x000005ac                UART3_ERR_IRQHandler
                0x000005b0                SPI2_IRQHandler
                0x000005b4                UART4_RX_TX_IRQHandler
                0x000005b8                UART4_ERR_IRQHandler
                0x000005bc                I2C2_IRQHandler
                0x000005c0                CAN0_ORed_Message_buffer_IRQHandler
                0x000005c4                CAN0_Bus_Off_IRQHandler
                0x000005c8                CAN0_Error_IRQHandler
                0x000005cc                CAN0_Tx_Warning_IRQHandler
                0x000005d0                CAN0_Rx_Warning_IRQHandler
                0x000005d4                CAN0_Wake_Up_IRQHandler
                0x000005d8                SDHC_IRQHandler
                0x000005ec                LPUART0_IRQHandler
                0x000005f0                I2C3_IRQHandler
                0x000005f4                CAN1_ORed_Message_buffer_IRQHandler
                0x000005f8                CAN1_Bus_Off_IRQHandler
                0x000005fc                CAN1_Error_IRQHandler
                0x00000600                CAN1_Tx_Warning_IRQHandler
                0x00000604                CAN1_Rx_Warning_IRQHandler
                0x00000608                CAN1_Wake_Up_IRQHandler
 .text          0x000006d0      0x370 c:/program files/kinetis/kds/toolchain/bin/../lib/gcc/arm-none-eabi/4.8.4/armv7e-m/fpu\libgcc.a(_arm_addsubdf3.o)
                0x000006d0                __aeabi_drsub
                0x000006d8                __aeabi_dsub
                0x000006d8                __subdf3
                0x000006dc                __aeabi_dadd
                0x000006dc                __adddf3
                0x00000954                __floatunsidf
                0x00000954                __aeabi_ui2d
                0x00000974                __floatsidf
                0x00000974                __aeabi_i2d
                0x00000998                __aeabi_f2d
                0x00000998                __extendsfdf2
                0x000009d4                __floatundidf
                0x000009d4                __aeabi_ul2d
                0x000009e4                __floatdidf
                0x000009e4                __aeabi_l2d
 .text          0x00000a40      0x424 c:/program files/kinetis/kds/toolchain/bin/../lib/gcc/arm-none-eabi/4.8.4/armv7e-m/fpu\libgcc.a(_arm_muldivdf3.o)
                0x00000a40                __aeabi_dmul
                0x00000a40                __muldf3
                0x00000c94                __divdf3
                0x00000c94                __aeabi_ddiv
 .text          0x00000e64      0x110 c:/program files/kinetis/kds/toolchain/bin/../lib/gcc/arm-none-eabi/4.8.4/armv7e-m/fpu\libgcc.a(_arm_cmpdf2.o)
                0x00000e64                __gtdf2
                0x00000e64                __gedf2
                0x00000e6c                __ltdf2
                0x00000e6c                __ledf2
                0x00000e74                __nedf2
                0x00000e74                __eqdf2
                0x00000e74                __cmpdf2
                0x00000ef0                __aeabi_cdrcmple
                0x00000f00                __aeabi_cdcmpeq
                0x00000f00                __aeabi_cdcmple
                0x00000f10                __aeabi_dcmpeq
                0x00000f24                __aeabi_dcmplt
                0x00000f38                __aeabi_dcmple
                0x00000f4c                __aeabi_dcmpge
                0x00000f60                __aeabi_dcmpgt
 .text          0x00000f74       0x50 c:/program files/kinetis/kds/toolchain/bin/../lib/gcc/arm-none-eabi/4.8.4/armv7e-m/fpu\libgcc.a(_arm_fixdfsi.o)
                0x00000f74                __aeabi_d2iz
                0x00000f74                __fixdfsi
 .text          0x00000fc4       0x38 c:/program files/kinetis/kds/toolchain/bin/../lib/gcc/arm-none-eabi/4.8.4/armv7e-m/fpu\libgcc.a(_aeabi_ldivmod.o)
                0x00000fc4                __aeabi_ldivmod
 .text          0x00000ffc       0x2c c:/program files/kinetis/kds/toolchain/bin/../lib/gcc/arm-none-eabi/4.8.4/armv7e-m/fpu\libgcc.a(_aeabi_uldivmod.o)
                0x00000ffc                __aeabi_uldivmod
 .text          0x00001028       0x30 c:/program files/kinetis/kds/toolchain/bin/../lib/gcc/arm-none-eabi/4.8.4/armv7e-m/fpu\libgcc.a(_fixdfdi.o)
                0x00001028                __fixdfdi
                0x00001028                __aeabi_d2lz
 .text          0x00001058       0x44 c:/program files/kinetis/kds/toolchain/bin/../lib/gcc/arm-none-eabi/4.8.4/armv7e-m/fpu\libgcc.a(_fixunsdfdi.o)
                0x00001058                __fixunsdfdi
                0x00001058                __aeabi_d2ulz
 .text          0x0000109c       0x60 c:/program files/kinetis/kds/toolchain/bin/../lib/gcc/arm-none-eabi/4.8.4/armv7e-m/fpu\libgcc.a(bpabi.o)
                0x0000109c                __gnu_ldivmod_helper
                0x000010cc                __gnu_uldivmod_helper
 .text          0x000010fc      0xa1c c:/program files/kinetis/kds/toolchain/bin/../lib/gcc/arm-none-eabi/4.8.4/armv7e-m/fpu\libgcc.a(unwind-arm.o)
                0x000013e0                _Unwind_GetCFA
                0x000013e4                __gnu_Unwind_RaiseException
                0x00001444                __gnu_Unwind_ForcedUnwind
                0x00001458                __gnu_Unwind_Resume
                0x0000149c                __gnu_Unwind_Resume_or_Rethrow
                0x000014ac                _Unwind_Complete
                0x000014b0                _Unwind_DeleteException
                0x000014c0                _Unwind_VRS_Get
                0x00001510                _Unwind_VRS_Set
                0x00001560                __gnu_Unwind_Backtrace
                0x000018b4                __aeabi_unwind_cpp_pr0
                0x000018bc                __aeabi_unwind_cpp_pr1
                0x000018c4                __aeabi_unwind_cpp_pr2
                0x000018cc                _Unwind_VRS_Pop
 .text          0x00001b18      0x1ac c:/program files/kinetis/kds/toolchain/bin/../lib/gcc/arm-none-eabi/4.8.4/armv7e-m/fpu\libgcc.a(libunwind.o)
                0x00001b18                __restore_core_regs
                0x00001b18                restore_core_regs
                0x00001b30                __gnu_Unwind_Restore_VFP
                0x00001b38                __gnu_Unwind_Save_VFP
                0x00001b40                __gnu_Unwind_Restore_VFP_D
                0x00001b48                __gnu_Unwind_Save_VFP_D
                0x00001b50                __gnu_Unwind_Restore_VFP_D_16_to_31
                0x00001b58                __gnu_Unwind_Save_VFP_D_16_to_31
                0x00001b60                __gnu_Unwind_Restore_WMMXD
                0x00001ba4                __gnu_Unwind_Save_WMMXD
                0x00001be8                __gnu_Unwind_Restore_WMMXC
                0x00001bfc                __gnu_Unwind_Save_WMMXC
                0x00001c10                ___Unwind_RaiseException
                0x00001c10                _Unwind_RaiseException
                0x00001c34                _Unwind_Resume
                0x00001c34                ___Unwind_Resume
                0x00001c58                _Unwind_Resume_or_Rethrow
                0x00001c58                ___Unwind_Resume_or_Rethrow
                0x00001c7c                _Unwind_ForcedUnwind
                0x00001c7c                ___Unwind_ForcedUnwind
                0x00001ca0                ___Unwind_Backtrace
                0x00001ca0                _Unwind_Backtrace
 .text          0x00001cc4      0x33c c:/program files/kinetis/kds/toolchain/bin/../lib/gcc/arm-none-eabi/4.8.4/armv7e-m/fpu\libgcc.a(pr-support.o)
                0x00001d18                __gnu_unwind_execute
                0x00001fa4                __gnu_unwind_frame
                0x00001fd0                _Unwind_GetRegionStart
                0x00001fdc                _Unwind_GetLanguageSpecificData
                0x00001ff0                _Unwind_GetDataRelBase
                0x00001ff8                _Unwind_GetTextRelBase
 .text          0x00002000        0x4 c:/program files/kinetis/kds/toolchain/bin/../lib/gcc/arm-none-eabi/4.8.4/armv7e-m/fpu\libgcc.a(_dvmd_tls.o)
                0x00002000                __aeabi_idiv0
                0x00002000                __aeabi_ldiv0
 .text          0x00002004       0x40 c:/program files/kinetis/kds/toolchain/bin/../lib/gcc/arm-none-eabi/4.8.4/armv7e-m/fpu\libgcc.a(_arm_fixunsdfsi.o)
                0x00002004                __aeabi_d2uiz
                0x00002004                __fixunsdfsi
 .text          0x00002044      0x298 c:/program files/kinetis/kds/toolchain/bin/../lib/gcc/arm-none-eabi/4.8.4/armv7e-m/fpu\libgcc.a(_divdi3.o)
                0x00002044                __divdi3
 .text          0x000022dc      0x284 c:/program files/kinetis/kds/toolchain/bin/../lib/gcc/arm-none-eabi/4.8.4/armv7e-m/fpu\libgcc.a(_udivdi3.o)
                0x000022dc                __udivdi3
 *(.text*)
 .text.DbgConsole_Putchar
                0x00002560       0x24 ./utilities/fsl_debug_console.o
                0x00002560                DbgConsole_Putchar
 .text.DbgConsole_Init
                0x00002584       0xa0 ./utilities/fsl_debug_console.o
                0x00002584                DbgConsole_Init
 *fill*         0x00002624        0x4 
 .text.DbgConsole_Printf
                0x00002628      0x868 ./utilities/fsl_debug_console.o
                0x00002628                DbgConsole_Printf
 .text.SystemInit
                0x00002e90       0x2c ./startup/system_MK66F18.o
                0x00002e90                SystemInit
 *fill*         0x00002ebc        0x4 
 .text.startup.main
                0x00002ec0      0x210 ./source/main.o
                0x00002ec0                main
 .text.CLOCK_GetInternalRefClkSelectFreq
                0x000030d0       0x2c ./drivers/fsl_clock.o
 .text.CLOCK_GetMcgExtClkFreq
                0x000030fc       0x60 ./drivers/fsl_clock.o
 .text.CLOCK_GetFllRefClkFreq
                0x0000315c       0x54 ./drivers/fsl_clock.o
 .text.CLOCK_GetOsc0ErClkUndivFreq
                0x000031b0       0x38 ./drivers/fsl_clock.o
                0x000031b0                CLOCK_GetOsc0ErClkUndivFreq
 .text.CLOCK_GetOsc0ErClkDivFreq
                0x000031e8       0x40 ./drivers/fsl_clock.o
                0x000031e8                CLOCK_GetOsc0ErClkDivFreq
 .text.CLOCK_GetEr32kClkFreq
                0x00003228       0x58 ./drivers/fsl_clock.o
                0x00003228                CLOCK_GetEr32kClkFreq
 .text.CLOCK_SetSimConfig
                0x00003280       0x50 ./drivers/fsl_clock.o
                0x00003280                CLOCK_SetSimConfig
 .text.CLOCK_GetFllFreq
                0x000032d0       0x40 ./drivers/fsl_clock.o
                0x000032d0                CLOCK_GetFllFreq
 .text.CLOCK_GetInternalRefClkFreq
                0x00003310       0x18 ./drivers/fsl_clock.o
                0x00003310                CLOCK_GetInternalRefClkFreq
 .text.CLOCK_GetPll0Freq
                0x00003328       0x34 ./drivers/fsl_clock.o
                0x00003328                CLOCK_GetPll0Freq
 .text.CLOCK_GetPllFllSelClkFreq
                0x0000335c       0x4c ./drivers/fsl_clock.o
                0x0000335c                CLOCK_GetPllFllSelClkFreq
 .text.CLOCK_GetOutClkFreq
                0x000033a8       0x3c ./drivers/fsl_clock.o
                0x000033a8                CLOCK_GetOutClkFreq
 .text.CLOCK_GetCoreSysClkFreq
                0x000033e4       0x1c ./drivers/fsl_clock.o
                0x000033e4                CLOCK_GetCoreSysClkFreq
 .text.CLOCK_GetFixedFreqClkFreq
                0x00003400       0x1c ./drivers/fsl_clock.o
                0x00003400                CLOCK_GetFixedFreqClkFreq
 .text.CLOCK_GetFreq
                0x0000341c       0xc0 ./drivers/fsl_clock.o
                0x0000341c                CLOCK_GetFreq
 .text.CLOCK_SetExternalRefClkConfig
                0x000034dc       0x40 ./drivers/fsl_clock.o
                0x000034dc                CLOCK_SetExternalRefClkConfig
 .text.CLOCK_SetInternalRefClkConfig
                0x0000351c       0x80 ./drivers/fsl_clock.o
                0x0000351c                CLOCK_SetInternalRefClkConfig
 .text.CLOCK_EnablePll0
                0x0000359c       0x50 ./drivers/fsl_clock.o
                0x0000359c                CLOCK_EnablePll0
 .text.CLOCK_InitOsc0
                0x000035ec       0x6c ./drivers/fsl_clock.o
                0x000035ec                CLOCK_InitOsc0
 .text.CLOCK_SetPbeMode
                0x00003658       0x70 ./drivers/fsl_clock.o
                0x00003658                CLOCK_SetPbeMode
 .text.CLOCK_BootToPeeMode
                0x000036c8       0x4c ./drivers/fsl_clock.o
                0x000036c8                CLOCK_BootToPeeMode
 .text.__assert_func
                0x00003714       0x1c ./drivers/fsl_common.o
                0x00003714                __assert_func
 .text.DSPI_CommonIRQHandler
                0x00003730       0x1c ./drivers/fsl_dspi.o
 .text.SPI0_DriverIRQHandler
                0x0000374c       0x34 ./drivers/fsl_dspi.o
                0x0000374c                SPI0_DriverIRQHandler
 .text.SPI1_DriverIRQHandler
                0x00003780       0x34 ./drivers/fsl_dspi.o
                0x00003780                SPI1_DriverIRQHandler
 .text.SPI2_DriverIRQHandler
                0x000037b4       0x34 ./drivers/fsl_dspi.o
                0x000037b4                SPI2_DriverIRQHandler
 .text.EDMA_GetChannelStatusFlags
                0x000037e8       0x50 ./drivers/fsl_edma.o
                0x000037e8                EDMA_GetChannelStatusFlags
 .text.EDMA_HandleIRQ
                0x00003838       0x98 ./drivers/fsl_edma.o
                0x00003838                EDMA_HandleIRQ
 .text.DMA0_DMA16_IRQHandler
                0x000038d0       0x38 ./drivers/fsl_edma.o
                0x000038d0                DMA0_DMA16_IRQHandler
 .text.DMA1_DMA17_IRQHandler
                0x00003908       0x38 ./drivers/fsl_edma.o
                0x00003908                DMA1_DMA17_IRQHandler
 .text.DMA2_DMA18_IRQHandler
                0x00003940       0x38 ./drivers/fsl_edma.o
                0x00003940                DMA2_DMA18_IRQHandler
 .text.DMA3_DMA19_IRQHandler
                0x00003978       0x38 ./drivers/fsl_edma.o
                0x00003978                DMA3_DMA19_IRQHandler
 .text.DMA4_DMA20_IRQHandler
                0x000039b0       0x38 ./drivers/fsl_edma.o
                0x000039b0                DMA4_DMA20_IRQHandler
 .text.DMA5_DMA21_IRQHandler
                0x000039e8       0x38 ./drivers/fsl_edma.o
                0x000039e8                DMA5_DMA21_IRQHandler
 .text.DMA6_DMA22_IRQHandler
                0x00003a20       0x38 ./drivers/fsl_edma.o
                0x00003a20                DMA6_DMA22_IRQHandler
 .text.DMA7_DMA23_IRQHandler
                0x00003a58       0x38 ./drivers/fsl_edma.o
                0x00003a58                DMA7_DMA23_IRQHandler
 .text.DMA8_DMA24_IRQHandler
                0x00003a90       0x38 ./drivers/fsl_edma.o
                0x00003a90                DMA8_DMA24_IRQHandler
 .text.DMA9_DMA25_IRQHandler
                0x00003ac8       0x38 ./drivers/fsl_edma.o
                0x00003ac8                DMA9_DMA25_IRQHandler
 .text.DMA10_DMA26_IRQHandler
                0x00003b00       0x38 ./drivers/fsl_edma.o
                0x00003b00                DMA10_DMA26_IRQHandler
 .text.DMA11_DMA27_IRQHandler
                0x00003b38       0x38 ./drivers/fsl_edma.o
                0x00003b38                DMA11_DMA27_IRQHandler
 .text.DMA12_DMA28_IRQHandler
                0x00003b70       0x38 ./drivers/fsl_edma.o
                0x00003b70                DMA12_DMA28_IRQHandler
 .text.DMA13_DMA29_IRQHandler
                0x00003ba8       0x38 ./drivers/fsl_edma.o
                0x00003ba8                DMA13_DMA29_IRQHandler
 .text.DMA14_DMA30_IRQHandler
                0x00003be0       0x38 ./drivers/fsl_edma.o
                0x00003be0                DMA14_DMA30_IRQHandler
 .text.DMA15_DMA31_IRQHandler
                0x00003c18       0x38 ./drivers/fsl_edma.o
                0x00003c18                DMA15_DMA31_IRQHandler
 .text.ENET_TransmitIRQHandler
                0x00003c50       0x38 ./drivers/fsl_enet.o
                0x00003c50                ENET_TransmitIRQHandler
 .text.ENET_ReceiveIRQHandler
                0x00003c88       0x38 ./drivers/fsl_enet.o
                0x00003c88                ENET_ReceiveIRQHandler
 .text.ENET_ErrorIRQHandler
                0x00003cc0       0x54 ./drivers/fsl_enet.o
                0x00003cc0                ENET_ErrorIRQHandler
 .text.ENET_Transmit_IRQHandler
                0x00003d14       0x14 ./drivers/fsl_enet.o
                0x00003d14                ENET_Transmit_IRQHandler
 .text.ENET_Receive_IRQHandler
                0x00003d28       0x14 ./drivers/fsl_enet.o
                0x00003d28                ENET_Receive_IRQHandler
 .text.ENET_Error_IRQHandler
                0x00003d3c       0x14 ./drivers/fsl_enet.o
                0x00003d3c                ENET_Error_IRQHandler
 .text.ENET_1588_Timer_IRQHandler
                0x00003d50        0x2 ./drivers/fsl_enet.o
                0x00003d50                ENET_1588_Timer_IRQHandler
 .text.FLEXCAN_IsMbOccupied
                0x00003d52       0x20 ./drivers/fsl_flexcan.o
 *fill*         0x00003d72        0x2 
 .text.FLEXCAN_SetTxMbConfig
                0x00003d74       0x6c ./drivers/fsl_flexcan.o
                0x00003d74                FLEXCAN_SetTxMbConfig
 .text.FLEXCAN_ReadRxMb
                0x00003de0       0xb4 ./drivers/fsl_flexcan.o
                0x00003de0                FLEXCAN_ReadRxMb
 .text.FlEXCAN_ReadRxFifo
                0x00003e94       0x74 ./drivers/fsl_flexcan.o
                0x00003e94                FlEXCAN_ReadRxFifo
 .text.FLEXCAN_TransferAbortSend
                0x00003f08       0x7c ./drivers/fsl_flexcan.o
                0x00003f08                FLEXCAN_TransferAbortSend
 .text.FLEXCAN_TransferAbortReceive
                0x00003f84       0x70 ./drivers/fsl_flexcan.o
                0x00003f84                FLEXCAN_TransferAbortReceive
 .text.FLEXCAN_TransferAbortReceiveFifo
                0x00003ff4       0x38 ./drivers/fsl_flexcan.o
                0x00003ff4                FLEXCAN_TransferAbortReceiveFifo
 .text.FLEXCAN_TransferHandleIRQ
                0x0000402c      0x134 ./drivers/fsl_flexcan.o
                0x0000402c                FLEXCAN_TransferHandleIRQ
 .text.CAN0_DriverIRQHandler
                0x00004160       0x34 ./drivers/fsl_flexcan.o
                0x00004160                CAN0_DriverIRQHandler
 .text.CAN1_DriverIRQHandler
                0x00004194       0x34 ./drivers/fsl_flexcan.o
                0x00004194                CAN1_DriverIRQHandler
 .text.I2C_TransferCommonIRQHandler
                0x000041c8       0x30 ./drivers/fsl_i2c.o
 .text.I2C0_DriverIRQHandler
                0x000041f8       0x14 ./drivers/fsl_i2c.o
                0x000041f8                I2C0_DriverIRQHandler
 .text.I2C1_DriverIRQHandler
                0x0000420c       0x14 ./drivers/fsl_i2c.o
                0x0000420c                I2C1_DriverIRQHandler
 .text.I2C2_DriverIRQHandler
                0x00004220       0x14 ./drivers/fsl_i2c.o
                0x00004220                I2C2_DriverIRQHandler
 .text.I2C3_DriverIRQHandler
                0x00004234       0x14 ./drivers/fsl_i2c.o
                0x00004234                I2C3_DriverIRQHandler
 .text.LPTMR_GetInstance
                0x00004248       0x28 ./drivers/fsl_lptmr.o
 .text.LPTMR_Init
                0x00004270       0x78 ./drivers/fsl_lptmr.o
                0x00004270                LPTMR_Init
 .text.LPTMR_GetDefaultConfig
                0x000042e8       0x30 ./drivers/fsl_lptmr.o
                0x000042e8                LPTMR_GetDefaultConfig
 .text.LPUART_GetInstance
                0x00004318       0x28 ./drivers/fsl_lpuart.o
                0x00004318                LPUART_GetInstance
 .text.LPUART_Init
                0x00004340      0x11c ./drivers/fsl_lpuart.o
                0x00004340                LPUART_Init
 .text.LPUART_GetDefaultConfig
                0x0000445c       0x30 ./drivers/fsl_lpuart.o
                0x0000445c                LPUART_GetDefaultConfig
 .text.LPUART_ClearStatusFlags
                0x0000448c       0x34 ./drivers/fsl_lpuart.o
                0x0000448c                LPUART_ClearStatusFlags
 .text.LPUART_WriteBlocking
                0x000044c0       0x16 ./drivers/fsl_lpuart.o
                0x000044c0                LPUART_WriteBlocking
 .text.LPUART_ReadBlocking
                0x000044d6       0x6a ./drivers/fsl_lpuart.o
                0x000044d6                LPUART_ReadBlocking
 .text.LPUART0_DriverIRQHandler
                0x00004540       0x1c ./drivers/fsl_lpuart.o
                0x00004540                LPUART0_DriverIRQHandler
 .text.SAI_TransferAbortSend
                0x0000455c       0x54 ./drivers/fsl_sai.o
                0x0000455c                SAI_TransferAbortSend
 .text.SAI_TransferAbortReceive
                0x000045b0       0x5c ./drivers/fsl_sai.o
                0x000045b0                SAI_TransferAbortReceive
 .text.SAI_TransferTxHandleIRQ
                0x0000460c      0x13c ./drivers/fsl_sai.o
                0x0000460c                SAI_TransferTxHandleIRQ
 .text.SAI_TransferRxHandleIRQ
                0x00004748      0x138 ./drivers/fsl_sai.o
                0x00004748                SAI_TransferRxHandleIRQ
 .text.I2S0_Tx_DriverIRQHandler
                0x00004880       0x34 ./drivers/fsl_sai.o
                0x00004880                I2S0_Tx_DriverIRQHandler
 .text.I2S0_Rx_DriverIRQHandler
                0x000048b4       0x34 ./drivers/fsl_sai.o
                0x000048b4                I2S0_Rx_DriverIRQHandler
 .text.SDHC_ReceiveCommandResponse
                0x000048e8       0x58 ./drivers/fsl_sdhc.o
 .text.SDHC_ReadDataPort
                0x00004940       0x50 ./drivers/fsl_sdhc.o
 .text.SDHC_WriteDataPort
                0x00004990       0x54 ./drivers/fsl_sdhc.o
 .text.SDHC_TransferHandleIRQ
                0x000049e4      0x100 ./drivers/fsl_sdhc.o
                0x000049e4                SDHC_TransferHandleIRQ
 .text.SDHC_DriverIRQHandler
                0x00004ae4       0x34 ./drivers/fsl_sdhc.o
                0x00004ae4                SDHC_DriverIRQHandler
 .text.UART_GetInstance
                0x00004b18       0x58 ./drivers/fsl_uart.o
                0x00004b18                UART_GetInstance
 .text.UART_Init
                0x00004b70      0x16c ./drivers/fsl_uart.o
                0x00004b70                UART_Init
 .text.UART_GetDefaultConfig
                0x00004cdc       0x38 ./drivers/fsl_uart.o
                0x00004cdc                UART_GetDefaultConfig
 .text.UART_GetStatusFlags
                0x00004d14       0x16 ./drivers/fsl_uart.o
                0x00004d14                UART_GetStatusFlags
 .text.UART_WriteBlocking
                0x00004d2a       0x16 ./drivers/fsl_uart.o
                0x00004d2a                UART_WriteBlocking
 .text.UART_ReadBlocking
                0x00004d40       0x4a ./drivers/fsl_uart.o
                0x00004d40                UART_ReadBlocking
 *fill*         0x00004d8a        0x2 
 .text.UART0_DriverIRQHandler
                0x00004d8c       0x1c ./drivers/fsl_uart.o
                0x00004d8c                UART0_DriverIRQHandler
 .text.UART0_RX_TX_DriverIRQHandler
                0x00004da8        0x4 ./drivers/fsl_uart.o
                0x00004da8                UART0_RX_TX_DriverIRQHandler
 .text.UART1_DriverIRQHandler
                0x00004dac       0x1c ./drivers/fsl_uart.o
                0x00004dac                UART1_DriverIRQHandler
 .text.UART1_RX_TX_DriverIRQHandler
                0x00004dc8        0x4 ./drivers/fsl_uart.o
                0x00004dc8                UART1_RX_TX_DriverIRQHandler
 .text.UART2_DriverIRQHandler
                0x00004dcc       0x1c ./drivers/fsl_uart.o
                0x00004dcc                UART2_DriverIRQHandler
 .text.UART2_RX_TX_DriverIRQHandler
                0x00004de8        0x4 ./drivers/fsl_uart.o
                0x00004de8                UART2_RX_TX_DriverIRQHandler
 .text.UART3_DriverIRQHandler
                0x00004dec       0x1c ./drivers/fsl_uart.o
                0x00004dec                UART3_DriverIRQHandler
 .text.UART3_RX_TX_DriverIRQHandler
                0x00004e08        0x4 ./drivers/fsl_uart.o
                0x00004e08                UART3_RX_TX_DriverIRQHandler
 .text.UART4_DriverIRQHandler
                0x00004e0c       0x1c ./drivers/fsl_uart.o
                0x00004e0c                UART4_DriverIRQHandler
 .text.UART4_RX_TX_DriverIRQHandler
                0x00004e28        0x4 ./drivers/fsl_uart.o
                0x00004e28                UART4_RX_TX_DriverIRQHandler
 .text.BOARD_InitDebugConsole
                0x00004e2c       0x1c ./board/board.o
                0x00004e2c                BOARD_InitDebugConsole
 .text.BOARD_BootClockRUN
                0x00004e48       0x60 ./board/clock_config.o
                0x00004e48                BOARD_BootClockRUN
 .text.BOARD_InitPins
                0x00004ea8       0x48 ./board/pin_mux.o
                0x00004ea8                BOARD_InitPins
 .text.modf     0x00004ef0       0xa4 c:/program files/kinetis/kds/toolchain/bin/../lib/gcc/arm-none-eabi/4.8.4/../../../../arm-none-eabi/lib/armv7e-m/fpu\libm.a(lib_a-s_modf.o)
                0x00004ef0                modf
 .text.pow      0x00004f94      0x340 c:/program files/kinetis/kds/toolchain/bin/../lib/gcc/arm-none-eabi/4.8.4/../../../../arm-none-eabi/lib/armv7e-m/fpu\libm.a(lib_a-w_pow.o)
                0x00004f94                pow
 *fill*         0x000052d4        0x4 
 .text.__ieee754_pow
                0x000052d8      0xae8 c:/program files/kinetis/kds/toolchain/bin/../lib/gcc/arm-none-eabi/4.8.4/../../../../arm-none-eabi/lib/armv7e-m/fpu\libm.a(lib_a-e_pow.o)
                0x000052d8                __ieee754_pow
 .text.__ieee754_sqrt
                0x00005dc0      0x198 c:/program files/kinetis/kds/toolchain/bin/../lib/gcc/arm-none-eabi/4.8.4/../../../../arm-none-eabi/lib/armv7e-m/fpu\libm.a(lib_a-e_sqrt.o)
                0x00005dc0                __ieee754_sqrt
 .text.fabs     0x00005f58       0x14 c:/program files/kinetis/kds/toolchain/bin/../lib/gcc/arm-none-eabi/4.8.4/../../../../arm-none-eabi/lib/armv7e-m/fpu\libm.a(lib_a-s_fabs.o)
                0x00005f58                fabs
 .text.finite   0x00005f6c       0x10 c:/program files/kinetis/kds/toolchain/bin/../lib/gcc/arm-none-eabi/4.8.4/../../../../arm-none-eabi/lib/armv7e-m/fpu\libm.a(lib_a-s_finite.o)
                0x00005f6c                finite
 .text.__fpclassifyd
                0x00005f7c       0x54 c:/program files/kinetis/kds/toolchain/bin/../lib/gcc/arm-none-eabi/4.8.4/../../../../arm-none-eabi/lib/armv7e-m/fpu\libm.a(lib_a-s_fpclassify.o)
                0x00005f7c                __fpclassifyd
 .text.matherr  0x00005fd0        0x4 c:/program files/kinetis/kds/toolchain/bin/../lib/gcc/arm-none-eabi/4.8.4/../../../../arm-none-eabi/lib/armv7e-m/fpu\libm.a(lib_a-s_matherr.o)
                0x00005fd0                matherr
 *fill*         0x00005fd4        0x4 
 .text.nan      0x00005fd8       0x10 c:/program files/kinetis/kds/toolchain/bin/../lib/gcc/arm-none-eabi/4.8.4/../../../../arm-none-eabi/lib/armv7e-m/fpu\libm.a(lib_a-s_nan.o)
                0x00005fd8                nan
 .text.rint     0x00005fe8      0x120 c:/program files/kinetis/kds/toolchain/bin/../lib/gcc/arm-none-eabi/4.8.4/../../../../arm-none-eabi/lib/armv7e-m/fpu\libm.a(lib_a-s_rint.o)
                0x00005fe8                rint
 .text.scalbn   0x00006108      0x120 c:/program files/kinetis/kds/toolchain/bin/../lib/gcc/arm-none-eabi/4.8.4/../../../../arm-none-eabi/lib/armv7e-m/fpu\libm.a(lib_a-s_scalbn.o)
                0x00006108                scalbn
 .text.copysign
                0x00006228       0x24 c:/program files/kinetis/kds/toolchain/bin/../lib/gcc/arm-none-eabi/4.8.4/../../../../arm-none-eabi/lib/armv7e-m/fpu\libm.a(lib_a-s_copysign.o)
                0x00006228                copysign
 .text.abort    0x0000624c        0xe c:/program files/kinetis/kds/toolchain/bin/../lib/gcc/arm-none-eabi/4.8.4/../../../../arm-none-eabi/lib/armv7e-m/fpu\libg_s.a(lib_a-abort.o)
                0x0000624c                abort
 *fill*         0x0000625a        0x2 
 .text.__errno  0x0000625c        0xc c:/program files/kinetis/kds/toolchain/bin/../lib/gcc/arm-none-eabi/4.8.4/../../../../arm-none-eabi/lib/armv7e-m/fpu\libg_s.a(lib_a-errno.o)
                0x0000625c                __errno
 .text.exit     0x00006268       0x28 c:/program files/kinetis/kds/toolchain/bin/../lib/gcc/arm-none-eabi/4.8.4/../../../../arm-none-eabi/lib/armv7e-m/fpu\libg_s.a(lib_a-exit.o)
                0x00006268                exit
 .text.__libc_init_array
                0x00006290       0x4c c:/program files/kinetis/kds/toolchain/bin/../lib/gcc/arm-none-eabi/4.8.4/../../../../arm-none-eabi/lib/armv7e-m/fpu\libg_s.a(lib_a-init.o)
                0x00006290                __libc_init_array
 .text.memcpy   0x000062dc       0x12 c:/program files/kinetis/kds/toolchain/bin/../lib/gcc/arm-none-eabi/4.8.4/../../../../arm-none-eabi/lib/armv7e-m/fpu\libg_s.a(lib_a-memcpy-stub.o)
                0x000062dc                memcpy
 .text.memset   0x000062ee       0x10 c:/program files/kinetis/kds/toolchain/bin/../lib/gcc/arm-none-eabi/4.8.4/../../../../arm-none-eabi/lib/armv7e-m/fpu\libg_s.a(lib_a-memset.o)
                0x000062ee                memset
 .text._raise_r
                0x000062fe       0x50 c:/program files/kinetis/kds/toolchain/bin/../lib/gcc/arm-none-eabi/4.8.4/../../../../arm-none-eabi/lib/armv7e-m/fpu\libg_s.a(lib_a-signal.o)
                0x000062fe                _raise_r
 *fill*         0x0000634e        0x2 
 .text.raise    0x00006350       0x10 c:/program files/kinetis/kds/toolchain/bin/../lib/gcc/arm-none-eabi/4.8.4/../../../../arm-none-eabi/lib/armv7e-m/fpu\libg_s.a(lib_a-signal.o)
                0x00006350                raise
 .text._kill_r  0x00006360       0x24 c:/program files/kinetis/kds/toolchain/bin/../lib/gcc/arm-none-eabi/4.8.4/../../../../arm-none-eabi/lib/armv7e-m/fpu\libg_s.a(lib_a-signalr.o)
                0x00006360                _kill_r
 .text._getpid_r
                0x00006384        0x4 c:/program files/kinetis/kds/toolchain/bin/../lib/gcc/arm-none-eabi/4.8.4/../../../../arm-none-eabi/lib/armv7e-m/fpu\libg_s.a(lib_a-signalr.o)
                0x00006384                _getpid_r
 .text.strlen   0x00006388       0x10 c:/program files/kinetis/kds/toolchain/bin/../lib/gcc/arm-none-eabi/4.8.4/../../../../arm-none-eabi/lib/armv7e-m/fpu\libg_s.a(lib_a-strlen.o)
                0x00006388                strlen
 .text._getpid  0x00006398       0x10 c:/program files/kinetis/kds/toolchain/bin/../lib/gcc/arm-none-eabi/4.8.4/../../../../arm-none-eabi/lib/armv7e-m/fpu\libnosys.a(getpid.o)
                0x00006398                _getpid
 .text._kill    0x000063a8       0x10 c:/program files/kinetis/kds/toolchain/bin/../lib/gcc/arm-none-eabi/4.8.4/../../../../arm-none-eabi/lib/armv7e-m/fpu\libnosys.a(kill.o)
                0x000063a8                _kill
 .text._exit    0x000063b8        0x4 c:/program files/kinetis/kds/toolchain/bin/../lib/gcc/arm-none-eabi/4.8.4/../../../../arm-none-eabi/lib/armv7e-m/fpu\libnosys.a(_exit.o)
                0x000063b8                _exit
 *(.rodata)
 *(.rodata*)
 .rodata.str1.1
                0x000063bc       0x38 ./source/main.o
 .rodata.__func__.7320
                0x000063f4       0x11 ./drivers/fsl_clock.o
 .rodata.__func__.7101
                0x00006405       0x17 ./drivers/fsl_clock.o
 .rodata.__func__.7158
                0x0000641c       0x16 ./drivers/fsl_clock.o
 .rodata.str1.1
                0x00006432       0xad ./drivers/fsl_clock.o
 *fill*         0x000064df        0x1 
 .rodata.fllFactorTable.7252
                0x000064e0       0x10 ./drivers/fsl_clock.o
 .rodata.__func__.7523
                0x000064f0       0x14 ./drivers/fsl_clock.o
 .rodata.__func__.7150
                0x00006504       0x1a ./drivers/fsl_clock.o
 .rodata.__func__.7146
                0x0000651e       0x1c ./drivers/fsl_clock.o
 .rodata.str1.1
                0x0000653a       0x3e ./drivers/fsl_common.o
 .rodata.str1.1
                0x00006578       0x8c ./drivers/fsl_dspi.o
                                 0x95 (size before relaxing)
 .rodata.__func__.7752
                0x00006604       0x16 ./drivers/fsl_dspi.o
 .rodata.__func__.7760
                0x0000661a       0x16 ./drivers/fsl_dspi.o
 .rodata.__func__.7756
                0x00006630       0x16 ./drivers/fsl_dspi.o
 .rodata.str1.1
                0x00006646      0x21d ./drivers/fsl_edma.o
 .rodata.__func__.7586
                0x00006863        0xf ./drivers/fsl_edma.o
 .rodata.__func__.7500
                0x00006872       0x1b ./drivers/fsl_edma.o
 .rodata.__func__.7544
                0x0000688d       0x15 ./drivers/fsl_enet.o
 .rodata.str1.1
                0x000068a2      0x27a ./drivers/fsl_enet.o
                                0x28d (size before relaxing)
 .rodata.__func__.7539
                0x00006b1c       0x17 ./drivers/fsl_enet.o
 .rodata.__func__.7534
                0x00006b33       0x18 ./drivers/fsl_enet.o
 .rodata.__func__.7537
                0x00006b4b       0x11 ./drivers/fsl_flexcan.o
 .rodata.__func__.7601
                0x00006b5c       0x1a ./drivers/fsl_flexcan.o
 .rodata.__func__.7612
                0x00006b76       0x21 ./drivers/fsl_flexcan.o
 .rodata.str1.1
                0x00006b97      0x225 ./drivers/fsl_flexcan.o
                                0x263 (size before relaxing)
 .rodata.__func__.7607
                0x00006dbc       0x1d ./drivers/fsl_flexcan.o
 .rodata.__func__.7617
                0x00006dd9       0x1a ./drivers/fsl_flexcan.o
 .rodata.__func__.7639
                0x00006df3       0x16 ./drivers/fsl_flexcan.o
 .rodata.__func__.7643
                0x00006e09       0x16 ./drivers/fsl_flexcan.o
 .rodata.__func__.7544
                0x00006e1f       0x13 ./drivers/fsl_flexcan.o
 .rodata.__func__.7488
                0x00006e32       0x16 ./drivers/fsl_flexcan.o
 .rodata.__func__.7171
                0x00006e48       0x12 ./drivers/fsl_lptmr.o
 .rodata.__func__.7176
                0x00006e5a        0xb ./drivers/fsl_lptmr.o
 .rodata.str1.1
                0x00006e65       0x3e ./drivers/fsl_lptmr.o
                                 0x45 (size before relaxing)
 .rodata.__func__.7183
                0x00006ea3       0x17 ./drivers/fsl_lptmr.o
 .rodata.__func__.7320
                0x00006eba        0xc ./drivers/fsl_lpuart.o
 .rodata.__func__.7286
                0x00006ec6       0x13 ./drivers/fsl_lpuart.o
 .rodata.__func__.7342
                0x00006ed9       0x18 ./drivers/fsl_lpuart.o
 .rodata.str1.1
                0x00006ef1       0x40 ./drivers/fsl_lpuart.o
                                 0x4e (size before relaxing)
 .rodata.__func__.7624
                0x00006f31       0x19 ./drivers/fsl_sai.o
 .rodata.__func__.7599
                0x00006f4a       0x16 ./drivers/fsl_sai.o
 .rodata.__func__.7604
                0x00006f60       0x19 ./drivers/fsl_sai.o
 .rodata.__func__.7609
                0x00006f79       0x18 ./drivers/fsl_sai.o
 .rodata.str1.1
                0x00006f91       0x5e ./drivers/fsl_sai.o
                                 0x65 (size before relaxing)
 .rodata.__func__.7617
                0x00006fef       0x18 ./drivers/fsl_sai.o
 .rodata.__func__.7628
                0x00007007       0x19 ./drivers/fsl_sai.o
 .rodata.__func__.7820
                0x00007020       0x16 ./drivers/fsl_sdhc.o
 .rodata.__func__.7815
                0x00007036       0x17 ./drivers/fsl_sdhc.o
 .rodata.__func__.7604
                0x0000704d       0x13 ./drivers/fsl_sdhc.o
 .rodata.str1.1
                0x00007060       0xd0 ./drivers/fsl_sdhc.o
                                 0xf4 (size before relaxing)
 .rodata.__func__.7678
                0x00007130       0x18 ./drivers/fsl_sdhc.o
 .rodata.__func__.7568
                0x00007148       0x1c ./drivers/fsl_sdhc.o
 .rodata.__func__.7577
                0x00007164       0x12 ./drivers/fsl_sdhc.o
 .rodata.__func__.7309
                0x00007176        0xa ./drivers/fsl_uart.o
 .rodata.__func__.7325
                0x00007180       0x16 ./drivers/fsl_uart.o
 .rodata.str1.1
                0x00007196       0xaa ./drivers/fsl_uart.o
                                 0xb8 (size before relaxing)
 .rodata.__func__.7295
                0x00007240       0x11 ./drivers/fsl_uart.o
 *fill*         0x00007251        0x3 
 .rodata.s_uartClock
                0x00007254       0x14 ./drivers/fsl_uart.o
 .rodata.g_defaultClockConfigRun
                0x00007268       0x20 ./board/clock_config.o
                0x00007268                g_defaultClockConfigRun
 .rodata.str1.4
                0x00007288        0x4 c:/program files/kinetis/kds/toolchain/bin/../lib/gcc/arm-none-eabi/4.8.4/../../../../arm-none-eabi/lib/armv7e-m/fpu\libm.a(lib_a-w_pow.o)
 *fill*         0x0000728c        0x4 
 .rodata.dp_h   0x00007290       0x10 c:/program files/kinetis/kds/toolchain/bin/../lib/gcc/arm-none-eabi/4.8.4/../../../../arm-none-eabi/lib/armv7e-m/fpu\libm.a(lib_a-e_pow.o)
 .rodata.dp_l   0x000072a0       0x10 c:/program files/kinetis/kds/toolchain/bin/../lib/gcc/arm-none-eabi/4.8.4/../../../../arm-none-eabi/lib/armv7e-m/fpu\libm.a(lib_a-e_pow.o)
 .rodata.bp     0x000072b0       0x10 c:/program files/kinetis/kds/toolchain/bin/../lib/gcc/arm-none-eabi/4.8.4/../../../../arm-none-eabi/lib/armv7e-m/fpu\libm.a(lib_a-e_pow.o)
 .rodata.str1.4
                0x000072c0        0x4 c:/program files/kinetis/kds/toolchain/bin/../lib/gcc/arm-none-eabi/4.8.4/../../../../arm-none-eabi/lib/armv7e-m/fpu\libm.a(lib_a-e_pow.o)
 *fill*         0x000072c4        0x4 
 .rodata.TWO52  0x000072c8       0x10 c:/program files/kinetis/kds/toolchain/bin/../lib/gcc/arm-none-eabi/4.8.4/../../../../arm-none-eabi/lib/armv7e-m/fpu\libm.a(lib_a-s_rint.o)
 .rodata.str1.1
                0x000072d8        0x2 c:/program files/kinetis/kds/toolchain/bin/../lib/gcc/arm-none-eabi/4.8.4/../../../../arm-none-eabi/lib/armv7e-m/fpu\libg_s.a(lib_a-impure.o)
 *fill*         0x000072da        0x2 
 .rodata._global_impure_ptr
                0x000072dc        0x4 c:/program files/kinetis/kds/toolchain/bin/../lib/gcc/arm-none-eabi/4.8.4/../../../../arm-none-eabi/lib/armv7e-m/fpu\libg_s.a(lib_a-impure.o)
                0x000072dc                _global_impure_ptr
 *(.glue_7)
 .glue_7        0x00000000        0x0 linker stubs
 *(.glue_7t)
 .glue_7t       0x00000000        0x0 linker stubs
 *(.eh_frame)
 .eh_frame      0x000072e0        0x0 c:/program files/kinetis/kds/toolchain/bin/../lib/gcc/arm-none-eabi/4.8.4/armv7e-m/fpu/crtbegin.o
 *(.init)
 .init          0x000072e0        0x4 c:/program files/kinetis/kds/toolchain/bin/../lib/gcc/arm-none-eabi/4.8.4/armv7e-m/fpu/crti.o
                0x000072e0                _init
 .init          0x000072e4        0x8 c:/program files/kinetis/kds/toolchain/bin/../lib/gcc/arm-none-eabi/4.8.4/armv7e-m/fpu/crtn.o
 *(.fini)
 .fini          0x000072ec        0x4 c:/program files/kinetis/kds/toolchain/bin/../lib/gcc/arm-none-eabi/4.8.4/armv7e-m/fpu/crti.o
                0x000072ec                _fini
 .fini          0x000072f0        0x8 c:/program files/kinetis/kds/toolchain/bin/../lib/gcc/arm-none-eabi/4.8.4/armv7e-m/fpu/crtn.o
                0x000072f8                . = ALIGN (0x4)

.vfp11_veneer   0x000072f8        0x0
 .vfp11_veneer  0x00000000        0x0 linker stubs

.v4_bx          0x000072f8        0x0
 .v4_bx         0x00000000        0x0 linker stubs

.iplt           0x000072f8        0x0
 .iplt          0x00000000        0x0 c:/program files/kinetis/kds/toolchain/bin/../lib/gcc/arm-none-eabi/4.8.4/armv7e-m/fpu/crtbegin.o

.ARM.extab      0x000072f8       0x24
 *(.ARM.extab* .gnu.linkonce.armextab.*)
 .ARM.extab     0x000072f8        0xc c:/program files/kinetis/kds/toolchain/bin/../lib/gcc/arm-none-eabi/4.8.4/armv7e-m/fpu\libgcc.a(unwind-arm.o)
 .ARM.extab     0x00007304       0x18 c:/program files/kinetis/kds/toolchain/bin/../lib/gcc/arm-none-eabi/4.8.4/armv7e-m/fpu\libgcc.a(pr-support.o)

.ARM            0x0000731c       0xd8
                0x0000731c                __exidx_start = .
 *(.ARM.exidx*)
 .ARM.exidx     0x0000731c        0x8 c:/program files/kinetis/kds/toolchain/bin/../lib/gcc/arm-none-eabi/4.8.4/../../../../arm-none-eabi/lib/armv7e-m/fpu/crt0.o
 .ARM.exidx.text.startup.main
                0x000073e4       0x10 ./source/main.o
                                  0x8 (size before relaxing)
 .ARM.exidx     0x00007324       0x88 c:/program files/kinetis/kds/toolchain/bin/../lib/gcc/arm-none-eabi/4.8.4/armv7e-m/fpu\libgcc.a(unwind-arm.o)
                                 0xd8 (size before relaxing)
 .ARM.exidx     0x000073ac       0x38 c:/program files/kinetis/kds/toolchain/bin/../lib/gcc/arm-none-eabi/4.8.4/armv7e-m/fpu\libgcc.a(pr-support.o)
                                 0x48 (size before relaxing)
 .ARM.exidx     0x000073e4        0x0 c:/program files/kinetis/kds/toolchain/bin/../lib/gcc/arm-none-eabi/4.8.4/armv7e-m/fpu\libgcc.a(_divdi3.o)
                                  0x8 (size before relaxing)
 .ARM.exidx     0x000073e4        0x0 c:/program files/kinetis/kds/toolchain/bin/../lib/gcc/arm-none-eabi/4.8.4/armv7e-m/fpu\libgcc.a(_udivdi3.o)
                                  0x8 (size before relaxing)
                0x000073f4                __exidx_end = .

.rel.dyn        0x000073f4        0x0
 .rel.iplt      0x00000000        0x0 c:/program files/kinetis/kds/toolchain/bin/../lib/gcc/arm-none-eabi/4.8.4/armv7e-m/fpu/crtbegin.o

.ctors          0x000073f4        0x0
                0x000073f4                __CTOR_LIST__ = .
 *crtbegin.o(.ctors)
 *crtbegin?.o(.ctors)
 *(EXCLUDE_FILE(*crtend.o *crtend?.o) .ctors)
 *(SORT(.ctors.*))
 *(.ctors)
                0x000073f4                __CTOR_END__ = .

.dtors          0x000073f4        0x0
                0x000073f4                __DTOR_LIST__ = .
 *crtbegin.o(.dtors)
 *crtbegin?.o(.dtors)
 *(EXCLUDE_FILE(*crtend.o *crtend?.o) .dtors)
 *(SORT(.dtors.*))
 *(.dtors)
                0x000073f4                __DTOR_END__ = .

.preinit_array  0x000073f4        0x0
                0x000073f4                PROVIDE (__preinit_array_start, .)
 *(.preinit_array*)
                0x000073f4                PROVIDE (__preinit_array_end, .)

.init_array     0x000073f4        0x4
                0x000073f4                PROVIDE (__init_array_start, .)
 *(SORT(.init_array.*))
 *(.init_array*)
 .init_array    0x000073f4        0x4 c:/program files/kinetis/kds/toolchain/bin/../lib/gcc/arm-none-eabi/4.8.4/armv7e-m/fpu/crtbegin.o
                0x000073f8                PROVIDE (__init_array_end, .)

.fini_array     0x000073f8        0x4
                0x000073f8                PROVIDE (__fini_array_start, .)
 *(SORT(.fini_array.*))
 *(.fini_array*)
 .fini_array    0x000073f8        0x4 c:/program files/kinetis/kds/toolchain/bin/../lib/gcc/arm-none-eabi/4.8.4/armv7e-m/fpu/crtbegin.o
                0x000073fc                PROVIDE (__fini_array_end, .)
                0x000073fc                __etext = .
                0x000073fc                __DATA_ROM = .

.interrupts_ram
                0x1fff0000        0x0
                0x1fff0000                . = ALIGN (0x4)
                0x1fff0000                __VECTOR_RAM__ = .
                0x1fff0000                __interrupts_ram_start__ = .
 *(.m_interrupts_ram)
                0x1fff0000                . = (. + M_VECTOR_RAM_SIZE)
                0x1fff0000                . = ALIGN (0x4)
                0x1fff0000                __interrupts_ram_end__ = .
                0x00000000                __VECTOR_RAM = DEFINED (__ram_vector_table__)?__VECTOR_RAM__:ORIGIN (m_interrupts)
                0x00000000                __RAM_VECTOR_TABLE_SIZE_BYTES = DEFINED (__ram_vector_table__)?(__interrupts_ram_end__ - __interrupts_ram_start__):0x0

.data           0x1fff0000       0x80 load address 0x000073fc
                0x1fff0000                . = ALIGN (0x4)
                0x1fff0000                __DATA_RAM = .
                0x1fff0000                __data_start__ = .
 *(.data)
 *(.data*)
 .data.SystemCoreClock
                0x1fff0000        0x4 ./startup/system_MK66F18.o
                0x1fff0000                SystemCoreClock
 .data.z_ind    0x1fff0004        0x4 ./source/main.o
                0x1fff0004                z_ind
 .data.I_N_FIR  0x1fff0008        0x4 ./source/main.o
                0x1fff0008                I_N_FIR
 .data.s_slowIrcFreq
                0x1fff000c        0x4 ./drivers/fsl_clock.o
 .data.s_fastIrcFreq
                0x1fff0010        0x4 ./drivers/fsl_clock.o
 .data.__fdlib_version
                0x1fff0014        0x1 c:/program files/kinetis/kds/toolchain/bin/../lib/gcc/arm-none-eabi/4.8.4/../../../../arm-none-eabi/lib/armv7e-m/fpu\libm.a(lib_a-s_lib_ver.o)
                0x1fff0014                __fdlib_version
 *fill*         0x1fff0015        0x3 
 .data.impure_data
                0x1fff0018       0x60 c:/program files/kinetis/kds/toolchain/bin/../lib/gcc/arm-none-eabi/4.8.4/../../../../arm-none-eabi/lib/armv7e-m/fpu\libg_s.a(lib_a-impure.o)
 .data._impure_ptr
                0x1fff0078        0x4 c:/program files/kinetis/kds/toolchain/bin/../lib/gcc/arm-none-eabi/4.8.4/../../../../arm-none-eabi/lib/armv7e-m/fpu\libg_s.a(lib_a-impure.o)
                0x1fff0078                _impure_ptr
 *(.jcr*)
 .jcr           0x1fff007c        0x0 c:/program files/kinetis/kds/toolchain/bin/../lib/gcc/arm-none-eabi/4.8.4/armv7e-m/fpu/crtbegin.o
 .jcr           0x1fff007c        0x4 c:/program files/kinetis/kds/toolchain/bin/../lib/gcc/arm-none-eabi/4.8.4/armv7e-m/fpu/crtend.o
                0x1fff0080                . = ALIGN (0x4)
                0x1fff0080                __data_end__ = .
                0x0000747c                __DATA_END = (__DATA_ROM + (__data_end__ - __data_start__))
                0x00200000                text_end = (ORIGIN (m_text) + 0x1ffbf0)
                0x00000001                ASSERT ((__DATA_END <= text_end), region m_text overflowed with text and data)
                0x00000800                USB_RAM_GAP = DEFINED (__usb_ram_size__)?__usb_ram_size__:0x800

.igot.plt       0x1fff0080        0x0 load address 0x0000747c
 .igot.plt      0x00000000        0x0 c:/program files/kinetis/kds/toolchain/bin/../lib/gcc/arm-none-eabi/4.8.4/armv7e-m/fpu/crtbegin.o

.bss            0x1fff0080     0x1994 load address 0x0000747c
                0x1fff0080                . = ALIGN (0x4)
                0x1fff0080                __START_BSS = .
                0x1fff0080                __bss_start__ = .
 *(.bss)
 .bss           0x1fff0080       0x1c c:/program files/kinetis/kds/toolchain/bin/../lib/gcc/arm-none-eabi/4.8.4/armv7e-m/fpu/crtbegin.o
 *(.bss*)
 .bss.s_debugConsole
                0x1fff009c       0x10 ./utilities/fsl_debug_console.o
 .bss.foo_z_ind
                0x1fff00ac        0x4 ./source/main.o
                0x1fff00ac                foo_z_ind
 .bss.count     0x1fff00b0        0x4 ./source/main.o
                0x1fff00b0                count
 .bss.z         0x1fff00b4      0x800 ./source/main.o
                0x1fff00b4                z
 .bss.end_micros
                0x1fff08b4        0x4 ./source/main.o
                0x1fff08b4                end_micros
 .bss.all_N_FIR
                0x1fff08b8       0x20 ./source/main.o
                0x1fff08b8                all_N_FIR
 .bss.N_FIR     0x1fff08d8        0x4 ./source/main.o
                0x1fff08d8                N_FIR
 .bss.b         0x1fff08dc      0x800 ./source/main.o
                0x1fff08dc                b
 .bss.start_micros
                0x1fff10dc        0x4 ./source/main.o
                0x1fff10dc                start_micros
 .bss.out_val   0x1fff10e0        0x4 ./source/main.o
                0x1fff10e0                out_val
 .bss.lptmrCounter
                0x1fff10e4        0x4 ./source/main.o
                0x1fff10e4                lptmrCounter
 .bss.input_val
                0x1fff10e8        0x4 ./source/main.o
                0x1fff10e8                input_val
 .bss.s_extPllFreq
                0x1fff10ec        0x4 ./drivers/fsl_clock.o
 .bss.g_dspiHandle
                0x1fff10f0        0xc ./drivers/fsl_dspi.o
 .bss.s_dspiMasterIsr
                0x1fff10fc        0x4 ./drivers/fsl_dspi.o
 .bss.s_dspiSlaveIsr
                0x1fff1100        0x4 ./drivers/fsl_dspi.o
 .bss.s_EDMAHandle
                0x1fff1104       0x80 ./drivers/fsl_edma.o
 .bss.s_ENETHandle
                0x1fff1184        0x4 ./drivers/fsl_enet.o
 .bss.s_flexcanHandle
                0x1fff1188        0x8 ./drivers/fsl_flexcan.o
 .bss.s_i2cHandle
                0x1fff1190       0x10 ./drivers/fsl_i2c.o
 .bss.s_i2cMasterIsr
                0x1fff11a0        0x4 ./drivers/fsl_i2c.o
 .bss.s_i2cSlaveIsr
                0x1fff11a4        0x4 ./drivers/fsl_i2c.o
 .bss.s_lpuartHandle
                0x1fff11a8        0x4 ./drivers/fsl_lpuart.o
 .bss.s_lpuartIsr
                0x1fff11ac        0x4 ./drivers/fsl_lpuart.o
 .bss.s_sdhcHandle
                0x1fff11b0        0x4 ./drivers/fsl_sdhc.o
 .bss.s_uartIsr
                0x1fff11b4        0x4 ./drivers/fsl_uart.o
 .bss.s_uartHandle
                0x1fff11b8       0x14 ./drivers/fsl_uart.o
                0x1fff1200                . = ALIGN (0x200)
 *fill*         0x1fff11cc       0x34 
                0x1fff1200                USB_RAM_START = .
                0x1fff1a00                . = (. + USB_RAM_GAP)
 *fill*         0x1fff1200      0x800 
 *(COMMON)
 COMMON         0x1fff1a00        0x8 ./drivers/fsl_clock.o
                0x1fff1a00                g_xtal32Freq
                0x1fff1a04                g_xtal0Freq
 COMMON         0x1fff1a08        0x8 ./drivers/fsl_sai.o
                0x1fff1a08                s_saiHandle
 COMMON         0x1fff1a10        0x4 c:/program files/kinetis/kds/toolchain/bin/../lib/gcc/arm-none-eabi/4.8.4/../../../../arm-none-eabi/lib/armv7e-m/fpu\libg_s.a(lib_a-reent.o)
                0x1fff1a10                errno
                0x1fff1a14                . = ALIGN (0x4)
                0x1fff1a14                __bss_end__ = .
                0x1fff1a14                __END_BSS = .

.heap           0x20000000      0x400
                0x20000000                . = ALIGN (0x8)
                0x20000000                __end__ = .
                0x20000000                PROVIDE (end, .)
                0x20000000                __HeapBase = .
                0x20000400                . = (. + HEAP_SIZE)
 *fill*         0x20000000      0x400 
                0x20000400                __HeapLimit = .
                0x20000400                __heap_limit = .

.stack          0x20000400      0x400
                0x20000400                . = ALIGN (0x8)
                0x20000800                . = (. + STACK_SIZE)
 *fill*         0x20000400      0x400 

m_usb_bdt       0x1fff1200        0x0
 *(m_usb_bdt)
                0x1fff1200                USB_RAM_BDT_END = .

m_usb_global
 *(m_usb_global)
                0x20030000                __StackTop = (ORIGIN (m_data_2) + 0x30000)
                0x2002fc00                __StackLimit = (__StackTop - STACK_SIZE)
                0x20030000                PROVIDE (__stack, __StackTop)

.ARM.attributes
                0x00000000       0x30
 *(.ARM.attributes)
 .ARM.attributes
                0x00000000       0x22 c:/program files/kinetis/kds/toolchain/bin/../lib/gcc/arm-none-eabi/4.8.4/armv7e-m/fpu/crti.o
 .ARM.attributes
                0x00000022       0x34 c:/program files/kinetis/kds/toolchain/bin/../lib/gcc/arm-none-eabi/4.8.4/armv7e-m/fpu/crtbegin.o
 .ARM.attributes
                0x00000056       0x20 c:/program files/kinetis/kds/toolchain/bin/../lib/gcc/arm-none-eabi/4.8.4/../../../../arm-none-eabi/lib/armv7e-m/fpu/crt0.o
 .ARM.attributes
                0x00000076       0x39 ./utilities/fsl_debug_console.o
 .ARM.attributes
                0x000000af       0x1f ./startup/startup_MK66F18.o
 .ARM.attributes
                0x000000ce       0x39 ./startup/system_MK66F18.o
 .ARM.attributes
                0x00000107       0x39 ./source/main.o
 .ARM.attributes
                0x00000140       0x39 ./drivers/fsl_clock.o
 .ARM.attributes
                0x00000179       0x39 ./drivers/fsl_common.o
 .ARM.attributes
                0x000001b2       0x39 ./drivers/fsl_dspi.o
 .ARM.attributes
                0x000001eb       0x39 ./drivers/fsl_edma.o
 .ARM.attributes
                0x00000224       0x39 ./drivers/fsl_enet.o
 .ARM.attributes
                0x0000025d       0x39 ./drivers/fsl_flexcan.o
 .ARM.attributes
                0x00000296       0x39 ./drivers/fsl_i2c.o
 .ARM.attributes
                0x000002cf       0x39 ./drivers/fsl_lptmr.o
 .ARM.attributes
                0x00000308       0x39 ./drivers/fsl_lpuart.o
 .ARM.attributes
                0x00000341       0x39 ./drivers/fsl_sai.o
 .ARM.attributes
                0x0000037a       0x39 ./drivers/fsl_sdhc.o
 .ARM.attributes
                0x000003b3       0x39 ./drivers/fsl_uart.o
 .ARM.attributes
                0x000003ec       0x39 ./board/board.o
 .ARM.attributes
                0x00000425       0x39 ./board/clock_config.o
 .ARM.attributes
                0x0000045e       0x39 ./board/pin_mux.o
 .ARM.attributes
                0x00000497       0x34 c:/program files/kinetis/kds/toolchain/bin/../lib/gcc/arm-none-eabi/4.8.4/../../../../arm-none-eabi/lib/armv7e-m/fpu\libm.a(lib_a-s_modf.o)
 .ARM.attributes
                0x000004cb       0x34 c:/program files/kinetis/kds/toolchain/bin/../lib/gcc/arm-none-eabi/4.8.4/../../../../arm-none-eabi/lib/armv7e-m/fpu\libm.a(lib_a-w_pow.o)
 .ARM.attributes
                0x000004ff       0x34 c:/program files/kinetis/kds/toolchain/bin/../lib/gcc/arm-none-eabi/4.8.4/../../../../arm-none-eabi/lib/armv7e-m/fpu\libm.a(lib_a-e_pow.o)
 .ARM.attributes
                0x00000533       0x34 c:/program files/kinetis/kds/toolchain/bin/../lib/gcc/arm-none-eabi/4.8.4/../../../../arm-none-eabi/lib/armv7e-m/fpu\libm.a(lib_a-e_sqrt.o)
 .ARM.attributes
                0x00000567       0x34 c:/program files/kinetis/kds/toolchain/bin/../lib/gcc/arm-none-eabi/4.8.4/../../../../arm-none-eabi/lib/armv7e-m/fpu\libm.a(lib_a-s_fabs.o)
 .ARM.attributes
                0x0000059b       0x34 c:/program files/kinetis/kds/toolchain/bin/../lib/gcc/arm-none-eabi/4.8.4/../../../../arm-none-eabi/lib/armv7e-m/fpu\libm.a(lib_a-s_finite.o)
 .ARM.attributes
                0x000005cf       0x34 c:/program files/kinetis/kds/toolchain/bin/../lib/gcc/arm-none-eabi/4.8.4/../../../../arm-none-eabi/lib/armv7e-m/fpu\libm.a(lib_a-s_fpclassify.o)
 .ARM.attributes
                0x00000603       0x34 c:/program files/kinetis/kds/toolchain/bin/../lib/gcc/arm-none-eabi/4.8.4/../../../../arm-none-eabi/lib/armv7e-m/fpu\libm.a(lib_a-s_lib_ver.o)
 .ARM.attributes
                0x00000637       0x34 c:/program files/kinetis/kds/toolchain/bin/../lib/gcc/arm-none-eabi/4.8.4/../../../../arm-none-eabi/lib/armv7e-m/fpu\libm.a(lib_a-s_matherr.o)
 .ARM.attributes
                0x0000066b       0x34 c:/program files/kinetis/kds/toolchain/bin/../lib/gcc/arm-none-eabi/4.8.4/../../../../arm-none-eabi/lib/armv7e-m/fpu\libm.a(lib_a-s_nan.o)
 .ARM.attributes
                0x0000069f       0x34 c:/program files/kinetis/kds/toolchain/bin/../lib/gcc/arm-none-eabi/4.8.4/../../../../arm-none-eabi/lib/armv7e-m/fpu\libm.a(lib_a-s_rint.o)
 .ARM.attributes
                0x000006d3       0x34 c:/program files/kinetis/kds/toolchain/bin/../lib/gcc/arm-none-eabi/4.8.4/../../../../arm-none-eabi/lib/armv7e-m/fpu\libm.a(lib_a-s_scalbn.o)
 .ARM.attributes
                0x00000707       0x34 c:/program files/kinetis/kds/toolchain/bin/../lib/gcc/arm-none-eabi/4.8.4/../../../../arm-none-eabi/lib/armv7e-m/fpu\libm.a(lib_a-s_copysign.o)
 .ARM.attributes
                0x0000073b       0x22 c:/program files/kinetis/kds/toolchain/bin/../lib/gcc/arm-none-eabi/4.8.4/armv7e-m/fpu\libgcc.a(_arm_addsubdf3.o)
 .ARM.attributes
                0x0000075d       0x22 c:/program files/kinetis/kds/toolchain/bin/../lib/gcc/arm-none-eabi/4.8.4/armv7e-m/fpu\libgcc.a(_arm_muldivdf3.o)
 .ARM.attributes
                0x0000077f       0x22 c:/program files/kinetis/kds/toolchain/bin/../lib/gcc/arm-none-eabi/4.8.4/armv7e-m/fpu\libgcc.a(_arm_cmpdf2.o)
 .ARM.attributes
                0x000007a1       0x22 c:/program files/kinetis/kds/toolchain/bin/../lib/gcc/arm-none-eabi/4.8.4/armv7e-m/fpu\libgcc.a(_arm_fixdfsi.o)
 .ARM.attributes
                0x000007c3       0x22 c:/program files/kinetis/kds/toolchain/bin/../lib/gcc/arm-none-eabi/4.8.4/armv7e-m/fpu\libgcc.a(_aeabi_ldivmod.o)
 .ARM.attributes
                0x000007e5       0x22 c:/program files/kinetis/kds/toolchain/bin/../lib/gcc/arm-none-eabi/4.8.4/armv7e-m/fpu\libgcc.a(_aeabi_uldivmod.o)
 .ARM.attributes
                0x00000807       0x34 c:/program files/kinetis/kds/toolchain/bin/../lib/gcc/arm-none-eabi/4.8.4/armv7e-m/fpu\libgcc.a(_fixdfdi.o)
 .ARM.attributes
                0x0000083b       0x34 c:/program files/kinetis/kds/toolchain/bin/../lib/gcc/arm-none-eabi/4.8.4/armv7e-m/fpu\libgcc.a(_fixunsdfdi.o)
 .ARM.attributes
                0x0000086f       0x34 c:/program files/kinetis/kds/toolchain/bin/../lib/gcc/arm-none-eabi/4.8.4/armv7e-m/fpu\libgcc.a(bpabi.o)
 .ARM.attributes
                0x000008a3       0x22 c:/program files/kinetis/kds/toolchain/bin/../lib/gcc/arm-none-eabi/4.8.4/armv7e-m/fpu\libgcc.a(_dvmd_tls.o)
 .ARM.attributes
                0x000008c5       0x22 c:/program files/kinetis/kds/toolchain/bin/../lib/gcc/arm-none-eabi/4.8.4/armv7e-m/fpu\libgcc.a(_arm_fixunsdfsi.o)
 .ARM.attributes
                0x000008e7       0x34 c:/program files/kinetis/kds/toolchain/bin/../lib/gcc/arm-none-eabi/4.8.4/armv7e-m/fpu\libgcc.a(_divdi3.o)
 .ARM.attributes
                0x0000091b       0x34 c:/program files/kinetis/kds/toolchain/bin/../lib/gcc/arm-none-eabi/4.8.4/armv7e-m/fpu\libgcc.a(_udivdi3.o)
 .ARM.attributes
                0x0000094f       0x34 c:/program files/kinetis/kds/toolchain/bin/../lib/gcc/arm-none-eabi/4.8.4/../../../../arm-none-eabi/lib/armv7e-m/fpu\libg_s.a(lib_a-errno.o)
 .ARM.attributes
                0x00000983       0x34 c:/program files/kinetis/kds/toolchain/bin/../lib/gcc/arm-none-eabi/4.8.4/../../../../arm-none-eabi/lib/armv7e-m/fpu\libg_s.a(lib_a-exit.o)
 .ARM.attributes
                0x000009b7       0x34 c:/program files/kinetis/kds/toolchain/bin/../lib/gcc/arm-none-eabi/4.8.4/../../../../arm-none-eabi/lib/armv7e-m/fpu\libg_s.a(lib_a-impure.o)
 .ARM.attributes
                0x000009eb       0x34 c:/program files/kinetis/kds/toolchain/bin/../lib/gcc/arm-none-eabi/4.8.4/../../../../arm-none-eabi/lib/armv7e-m/fpu\libg_s.a(lib_a-init.o)
 .ARM.attributes
                0x00000a1f       0x34 c:/program files/kinetis/kds/toolchain/bin/../lib/gcc/arm-none-eabi/4.8.4/../../../../arm-none-eabi/lib/armv7e-m/fpu\libg_s.a(lib_a-memset.o)
 .ARM.attributes
                0x00000a53       0x34 c:/program files/kinetis/kds/toolchain/bin/../lib/gcc/arm-none-eabi/4.8.4/../../../../arm-none-eabi/lib/armv7e-m/fpu\libg_s.a(lib_a-strlen.o)
 .ARM.attributes
                0x00000a87       0x34 c:/program files/kinetis/kds/toolchain/bin/../lib/gcc/arm-none-eabi/4.8.4/../../../../arm-none-eabi/lib/armv7e-m/fpu\libnosys.a(_exit.o)
 .ARM.attributes
                0x00000abb       0x34 c:/program files/kinetis/kds/toolchain/bin/../lib/gcc/arm-none-eabi/4.8.4/armv7e-m/fpu/crtend.o
 .ARM.attributes
                0x00000aef       0x22 c:/program files/kinetis/kds/toolchain/bin/../lib/gcc/arm-none-eabi/4.8.4/armv7e-m/fpu/crtn.o
                0x00000001                ASSERT ((__StackLimit >= __HeapLimit), region m_data_2 overflowed with stack and heap)
OUTPUT(FIR_Benchmarking.elf elf32-littlearm)

.debug_info     0x00000000    0x1fb16
 .debug_info    0x00000000     0x1c64 ./utilities/fsl_debug_console.o
 .debug_info    0x00001c64       0xbd ./startup/startup_MK66F18.o
 .debug_info    0x00001d21      0x9b3 ./startup/system_MK66F18.o
 .debug_info    0x000026d4      0xd1e ./source/main.o
 .debug_info    0x000033f2     0x279f ./drivers/fsl_clock.o
 .debug_info    0x00005b91      0x6b1 ./drivers/fsl_common.o
 .debug_info    0x00006242     0x3712 ./drivers/fsl_dspi.o
 .debug_info    0x00009954     0x30a7 ./drivers/fsl_edma.o
 .debug_info    0x0000c9fb     0x2979 ./drivers/fsl_enet.o
 .debug_info    0x0000f374     0x2cdb ./drivers/fsl_flexcan.o
 .debug_info    0x0001204f     0x27df ./drivers/fsl_i2c.o
 .debug_info    0x0001482e      0x83f ./drivers/fsl_lptmr.o
 .debug_info    0x0001506d     0x1ec6 ./drivers/fsl_lpuart.o
 .debug_info    0x00016f33     0x2649 ./drivers/fsl_sai.o
 .debug_info    0x0001957c     0x2fb2 ./drivers/fsl_sdhc.o
 .debug_info    0x0001c52e     0x207f ./drivers/fsl_uart.o
 .debug_info    0x0001e5ad      0x3ee ./board/board.o
 .debug_info    0x0001e99b      0xbe6 ./board/clock_config.o
 .debug_info    0x0001f581      0x595 ./board/pin_mux.o

.debug_abbrev   0x00000000     0x3bef
 .debug_abbrev  0x00000000      0x3cc ./utilities/fsl_debug_console.o
 .debug_abbrev  0x000003cc       0x14 ./startup/startup_MK66F18.o
 .debug_abbrev  0x000003e0      0x117 ./startup/system_MK66F18.o
 .debug_abbrev  0x000004f7      0x2f2 ./source/main.o
 .debug_abbrev  0x000007e9      0x46a ./drivers/fsl_clock.o
 .debug_abbrev  0x00000c53      0x18e ./drivers/fsl_common.o
 .debug_abbrev  0x00000de1      0x4a8 ./drivers/fsl_dspi.o
 .debug_abbrev  0x00001289      0x469 ./drivers/fsl_edma.o
 .debug_abbrev  0x000016f2      0x3ec ./drivers/fsl_enet.o
 .debug_abbrev  0x00001ade      0x424 ./drivers/fsl_flexcan.o
 .debug_abbrev  0x00001f02      0x494 ./drivers/fsl_i2c.o
 .debug_abbrev  0x00002396      0x232 ./drivers/fsl_lptmr.o
 .debug_abbrev  0x000025c8      0x446 ./drivers/fsl_lpuart.o
 .debug_abbrev  0x00002a0e      0x44d ./drivers/fsl_sai.o
 .debug_abbrev  0x00002e5b      0x40f ./drivers/fsl_sdhc.o
 .debug_abbrev  0x0000326a      0x470 ./drivers/fsl_uart.o
 .debug_abbrev  0x000036da      0x14f ./board/board.o
 .debug_abbrev  0x00003829      0x256 ./board/clock_config.o
 .debug_abbrev  0x00003a7f      0x170 ./board/pin_mux.o

.debug_loc      0x00000000    0x124a6
 .debug_loc     0x00000000     0x22bf ./utilities/fsl_debug_console.o
 .debug_loc     0x000022bf       0xbc ./startup/system_MK66F18.o
 .debug_loc     0x0000237b       0xd0 ./source/main.o
 .debug_loc     0x0000244b     0x12a3 ./drivers/fsl_clock.o
 .debug_loc     0x000036ee       0xc9 ./drivers/fsl_common.o
 .debug_loc     0x000037b7     0x216f ./drivers/fsl_dspi.o
 .debug_loc     0x00005926     0x1c9b ./drivers/fsl_edma.o
 .debug_loc     0x000075c1     0x16f7 ./drivers/fsl_enet.o
 .debug_loc     0x00008cb8     0x1e9f ./drivers/fsl_flexcan.o
 .debug_loc     0x0000ab57     0x1c51 ./drivers/fsl_i2c.o
 .debug_loc     0x0000c7a8      0x158 ./drivers/fsl_lptmr.o
 .debug_loc     0x0000c900     0x150f ./drivers/fsl_lpuart.o
 .debug_loc     0x0000de0f     0x196a ./drivers/fsl_sai.o
 .debug_loc     0x0000f779     0x1cf4 ./drivers/fsl_sdhc.o
 .debug_loc     0x0001146d     0x101b ./drivers/fsl_uart.o
 .debug_loc     0x00012488       0x1e ./board/board.o

.debug_aranges  0x00000000      0xe28
 .debug_aranges
                0x00000000       0x60 ./utilities/fsl_debug_console.o
 .debug_aranges
                0x00000060       0x20 ./startup/startup_MK66F18.o
 .debug_aranges
                0x00000080       0x28 ./startup/system_MK66F18.o
 .debug_aranges
                0x000000a8       0x28 ./source/main.o
 .debug_aranges
                0x000000d0      0x1d0 ./drivers/fsl_clock.o
 .debug_aranges
                0x000002a0       0x28 ./drivers/fsl_common.o
 .debug_aranges
                0x000002c8      0x110 ./drivers/fsl_dspi.o
 .debug_aranges
                0x000003d8      0x290 ./drivers/fsl_edma.o
 .debug_aranges
                0x00000668       0xe0 ./drivers/fsl_enet.o
 .debug_aranges
                0x00000748      0x120 ./drivers/fsl_flexcan.o
 .debug_aranges
                0x00000868      0x138 ./drivers/fsl_i2c.o
 .debug_aranges
                0x000009a0       0x38 ./drivers/fsl_lptmr.o
 .debug_aranges
                0x000009d8       0xe8 ./drivers/fsl_lpuart.o
 .debug_aranges
                0x00000ac0      0x110 ./drivers/fsl_sai.o
 .debug_aranges
                0x00000bd0       0xc0 ./drivers/fsl_sdhc.o
 .debug_aranges
                0x00000c90      0x128 ./drivers/fsl_uart.o
 .debug_aranges
                0x00000db8       0x20 ./board/board.o
 .debug_aranges
                0x00000dd8       0x30 ./board/clock_config.o
 .debug_aranges
                0x00000e08       0x20 ./board/pin_mux.o

.debug_ranges   0x00000000     0x13a8
 .debug_ranges  0x00000000      0x108 ./utilities/fsl_debug_console.o
 .debug_ranges  0x00000108       0x18 ./startup/system_MK66F18.o
 .debug_ranges  0x00000120       0x60 ./source/main.o
 .debug_ranges  0x00000180      0x210 ./drivers/fsl_clock.o
 .debug_ranges  0x00000390       0x18 ./drivers/fsl_common.o
 .debug_ranges  0x000003a8      0x318 ./drivers/fsl_dspi.o
 .debug_ranges  0x000006c0      0x2b0 ./drivers/fsl_edma.o
 .debug_ranges  0x00000970      0x138 ./drivers/fsl_enet.o
 .debug_ranges  0x00000aa8      0x1a0 ./drivers/fsl_flexcan.o
 .debug_ranges  0x00000c48      0x1a0 ./drivers/fsl_i2c.o
 .debug_ranges  0x00000de8       0x28 ./drivers/fsl_lptmr.o
 .debug_ranges  0x00000e10       0xf0 ./drivers/fsl_lpuart.o
 .debug_ranges  0x00000f00      0x190 ./drivers/fsl_sai.o
 .debug_ranges  0x00001090      0x148 ./drivers/fsl_sdhc.o
 .debug_ranges  0x000011d8      0x148 ./drivers/fsl_uart.o
 .debug_ranges  0x00001320       0x10 ./board/board.o
 .debug_ranges  0x00001330       0x68 ./board/clock_config.o
 .debug_ranges  0x00001398       0x10 ./board/pin_mux.o

.debug_line     0x00000000     0x6308
 .debug_line    0x00000000      0x64d ./utilities/fsl_debug_console.o
 .debug_line    0x0000064d      0x17c ./startup/startup_MK66F18.o
 .debug_line    0x000007c9      0x17e ./startup/system_MK66F18.o
 .debug_line    0x00000947      0x265 ./source/main.o
 .debug_line    0x00000bac      0x8f6 ./drivers/fsl_clock.o
 .debug_line    0x000014a2      0x194 ./drivers/fsl_common.o
 .debug_line    0x00001636      0xba7 ./drivers/fsl_dspi.o
 .debug_line    0x000021dd      0xa84 ./drivers/fsl_edma.o
 .debug_line    0x00002c61      0x608 ./drivers/fsl_enet.o
 .debug_line    0x00003269      0x858 ./drivers/fsl_flexcan.o
 .debug_line    0x00003ac1      0x834 ./drivers/fsl_i2c.o
 .debug_line    0x000042f5      0x1a7 ./drivers/fsl_lptmr.o
 .debug_line    0x0000449c      0x597 ./drivers/fsl_lpuart.o
 .debug_line    0x00004a33      0x6b3 ./drivers/fsl_sai.o
 .debug_line    0x000050e6      0x70f ./drivers/fsl_sdhc.o
 .debug_line    0x000057f5      0x666 ./drivers/fsl_uart.o
 .debug_line    0x00005e5b      0x15a ./board/board.o
 .debug_line    0x00005fb5      0x20b ./board/clock_config.o
 .debug_line    0x000061c0      0x148 ./board/pin_mux.o

.debug_str      0x00000000     0xb7f2
 .debug_str     0x00000000      0xe14 ./utilities/fsl_debug_console.o
                                0xfc7 (size before relaxing)
 .debug_str     0x00000e14      0x484 ./startup/system_MK66F18.o
                                0x702 (size before relaxing)
 .debug_str     0x00001298      0xf19 ./source/main.o
                               0x143b (size before relaxing)
 .debug_str     0x000021b1     0x13c5 ./drivers/fsl_clock.o
                               0x1ce1 (size before relaxing)
 .debug_str     0x00003576       0xb7 ./drivers/fsl_common.o
                                0x99a (size before relaxing)
 .debug_str     0x0000362d     0x1194 ./drivers/fsl_dspi.o
                               0x2256 (size before relaxing)
 .debug_str     0x000047c1     0x11b3 ./drivers/fsl_edma.o
                               0x1f87 (size before relaxing)
 .debug_str     0x00005974     0x1077 ./drivers/fsl_enet.o
                               0x21eb (size before relaxing)
 .debug_str     0x000069eb      0xff0 ./drivers/fsl_flexcan.o
                               0x20bf (size before relaxing)
 .debug_str     0x000079db      0xb89 ./drivers/fsl_i2c.o
                               0x1c86 (size before relaxing)
 .debug_str     0x00008564       0x51 ./drivers/fsl_lptmr.o
                                0xa54 (size before relaxing)
 .debug_str     0x000085b5      0x953 ./drivers/fsl_lpuart.o
                               0x1bda (size before relaxing)
 .debug_str     0x00008f08      0x99c ./drivers/fsl_sai.o
                               0x1ad0 (size before relaxing)
 .debug_str     0x000098a4     0x14cb ./drivers/fsl_sdhc.o
                               0x25de (size before relaxing)
 .debug_str     0x0000ad6f      0x68a ./drivers/fsl_uart.o
                               0x1dac (size before relaxing)
 .debug_str     0x0000b3f9       0x20 ./board/board.o
                                0x3a5 (size before relaxing)
 .debug_str     0x0000b419      0x2fa ./board/clock_config.o
                                0xda7 (size before relaxing)
 .debug_str     0x0000b713       0xdf ./board/pin_mux.o
                                0x67d (size before relaxing)

.comment        0x00000000       0x70
 .comment       0x00000000       0x70 ./utilities/fsl_debug_console.o
                                 0x71 (size before relaxing)
 .comment       0x00000000       0x71 ./startup/system_MK66F18.o
 .comment       0x00000000       0x71 ./source/main.o
 .comment       0x00000000       0x71 ./drivers/fsl_clock.o
 .comment       0x00000000       0x71 ./drivers/fsl_common.o
 .comment       0x00000000       0x71 ./drivers/fsl_dspi.o
 .comment       0x00000000       0x71 ./drivers/fsl_edma.o
 .comment       0x00000000       0x71 ./drivers/fsl_enet.o
 .comment       0x00000000       0x71 ./drivers/fsl_flexcan.o
 .comment       0x00000000       0x71 ./drivers/fsl_i2c.o
 .comment       0x00000000       0x71 ./drivers/fsl_lptmr.o
 .comment       0x00000000       0x71 ./drivers/fsl_lpuart.o
 .comment       0x00000000       0x71 ./drivers/fsl_sai.o
 .comment       0x00000000       0x71 ./drivers/fsl_sdhc.o
 .comment       0x00000000       0x71 ./drivers/fsl_uart.o
 .comment       0x00000000       0x71 ./board/board.o
 .comment       0x00000000       0x71 ./board/clock_config.o
 .comment       0x00000000       0x71 ./board/pin_mux.o

.debug_frame    0x00000000     0x29f4
 .debug_frame   0x00000000      0x12c ./utilities/fsl_debug_console.o
 .debug_frame   0x0000012c       0x30 ./startup/system_MK66F18.o
 .debug_frame   0x0000015c       0x48 ./source/main.o
 .debug_frame   0x000001a4      0x4f4 ./drivers/fsl_clock.o
 .debug_frame   0x00000698       0x48 ./drivers/fsl_common.o
 .debug_frame   0x000006e0      0x31c ./drivers/fsl_dspi.o
 .debug_frame   0x000009fc      0x6a4 ./drivers/fsl_edma.o
 .debug_frame   0x000010a0      0x26c ./drivers/fsl_enet.o
 .debug_frame   0x0000130c      0x364 ./drivers/fsl_flexcan.o
 .debug_frame   0x00001670      0x370 ./drivers/fsl_i2c.o
 .debug_frame   0x000019e0       0x74 ./drivers/fsl_lptmr.o
 .debug_frame   0x00001a54      0x274 ./drivers/fsl_lpuart.o
 .debug_frame   0x00001cc8      0x33c ./drivers/fsl_sai.o
 .debug_frame   0x00002004      0x258 ./drivers/fsl_sdhc.o
 .debug_frame   0x0000225c      0x2f8 ./drivers/fsl_uart.o
 .debug_frame   0x00002554       0x28 ./board/board.o
 .debug_frame   0x0000257c       0x58 ./board/clock_config.o
 .debug_frame   0x000025d4       0x20 ./board/pin_mux.o
 .debug_frame   0x000025f4       0x30 c:/program files/kinetis/kds/toolchain/bin/../lib/gcc/arm-none-eabi/4.8.4/../../../../arm-none-eabi/lib/armv7e-m/fpu\libm.a(lib_a-s_modf.o)
 .debug_frame   0x00002624       0x40 c:/program files/kinetis/kds/toolchain/bin/../lib/gcc/arm-none-eabi/4.8.4/../../../../arm-none-eabi/lib/armv7e-m/fpu\libm.a(lib_a-w_pow.o)
 .debug_frame   0x00002664       0x44 c:/program files/kinetis/kds/toolchain/bin/../lib/gcc/arm-none-eabi/4.8.4/../../../../arm-none-eabi/lib/armv7e-m/fpu\libm.a(lib_a-e_pow.o)
 .debug_frame   0x000026a8       0x3c c:/program files/kinetis/kds/toolchain/bin/../lib/gcc/arm-none-eabi/4.8.4/../../../../arm-none-eabi/lib/armv7e-m/fpu\libm.a(lib_a-e_sqrt.o)
 .debug_frame   0x000026e4       0x20 c:/program files/kinetis/kds/toolchain/bin/../lib/gcc/arm-none-eabi/4.8.4/../../../../arm-none-eabi/lib/armv7e-m/fpu\libm.a(lib_a-s_fabs.o)
 .debug_frame   0x00002704       0x20 c:/program files/kinetis/kds/toolchain/bin/../lib/gcc/arm-none-eabi/4.8.4/../../../../arm-none-eabi/lib/armv7e-m/fpu\libm.a(lib_a-s_finite.o)
 .debug_frame   0x00002724       0x28 c:/program files/kinetis/kds/toolchain/bin/../lib/gcc/arm-none-eabi/4.8.4/../../../../arm-none-eabi/lib/armv7e-m/fpu\libm.a(lib_a-s_fpclassify.o)
 .debug_frame   0x0000274c       0x20 c:/program files/kinetis/kds/toolchain/bin/../lib/gcc/arm-none-eabi/4.8.4/../../../../arm-none-eabi/lib/armv7e-m/fpu\libm.a(lib_a-s_matherr.o)
 .debug_frame   0x0000276c       0x20 c:/program files/kinetis/kds/toolchain/bin/../lib/gcc/arm-none-eabi/4.8.4/../../../../arm-none-eabi/lib/armv7e-m/fpu\libm.a(lib_a-s_nan.o)
 .debug_frame   0x0000278c       0x30 c:/program files/kinetis/kds/toolchain/bin/../lib/gcc/arm-none-eabi/4.8.4/../../../../arm-none-eabi/lib/armv7e-m/fpu\libm.a(lib_a-s_rint.o)
 .debug_frame   0x000027bc       0x2c c:/program files/kinetis/kds/toolchain/bin/../lib/gcc/arm-none-eabi/4.8.4/../../../../arm-none-eabi/lib/armv7e-m/fpu\libm.a(lib_a-s_scalbn.o)
 .debug_frame   0x000027e8       0x28 c:/program files/kinetis/kds/toolchain/bin/../lib/gcc/arm-none-eabi/4.8.4/../../../../arm-none-eabi/lib/armv7e-m/fpu\libm.a(lib_a-s_copysign.o)
 .debug_frame   0x00002810       0x2c c:/program files/kinetis/kds/toolchain/bin/../lib/gcc/arm-none-eabi/4.8.4/armv7e-m/fpu\libgcc.a(_fixdfdi.o)
 .debug_frame   0x0000283c       0x2c c:/program files/kinetis/kds/toolchain/bin/../lib/gcc/arm-none-eabi/4.8.4/armv7e-m/fpu\libgcc.a(_fixunsdfdi.o)
 .debug_frame   0x00002868       0x50 c:/program files/kinetis/kds/toolchain/bin/../lib/gcc/arm-none-eabi/4.8.4/armv7e-m/fpu\libgcc.a(bpabi.o)
 .debug_frame   0x000028b8       0x34 c:/program files/kinetis/kds/toolchain/bin/../lib/gcc/arm-none-eabi/4.8.4/armv7e-m/fpu\libgcc.a(_divdi3.o)
 .debug_frame   0x000028ec       0x34 c:/program files/kinetis/kds/toolchain/bin/../lib/gcc/arm-none-eabi/4.8.4/armv7e-m/fpu\libgcc.a(_udivdi3.o)
 .debug_frame   0x00002920       0x20 c:/program files/kinetis/kds/toolchain/bin/../lib/gcc/arm-none-eabi/4.8.4/../../../../arm-none-eabi/lib/armv7e-m/fpu\libg_s.a(lib_a-errno.o)
 .debug_frame   0x00002940       0x28 c:/program files/kinetis/kds/toolchain/bin/../lib/gcc/arm-none-eabi/4.8.4/../../../../arm-none-eabi/lib/armv7e-m/fpu\libg_s.a(lib_a-exit.o)
 .debug_frame   0x00002968       0x2c c:/program files/kinetis/kds/toolchain/bin/../lib/gcc/arm-none-eabi/4.8.4/../../../../arm-none-eabi/lib/armv7e-m/fpu\libg_s.a(lib_a-init.o)
 .debug_frame   0x00002994       0x20 c:/program files/kinetis/kds/toolchain/bin/../lib/gcc/arm-none-eabi/4.8.4/../../../../arm-none-eabi/lib/armv7e-m/fpu\libg_s.a(lib_a-memset.o)
 .debug_frame   0x000029b4       0x20 c:/program files/kinetis/kds/toolchain/bin/../lib/gcc/arm-none-eabi/4.8.4/../../../../arm-none-eabi/lib/armv7e-m/fpu\libg_s.a(lib_a-strlen.o)
 .debug_frame   0x000029d4       0x20 c:/program files/kinetis/kds/toolchain/bin/../lib/gcc/arm-none-eabi/4.8.4/../../../../arm-none-eabi/lib/armv7e-m/fpu\libnosys.a(_exit.o)

.stabstr        0x00000000       0x76
 .stabstr       0x00000000       0x76 c:/program files/kinetis/kds/toolchain/bin/../lib/gcc/arm-none-eabi/4.8.4/../../../../arm-none-eabi/lib/armv7e-m/fpu\libnosys.a(getpid.o)
